Microchip MPLAB XC8 Compiler V1.42 ()

Linker command line:

-W-3 --edf=C:\Program Files (x86)\Microchip\xc8\v1.42\dat\en_msgs.txt -cs \
  -h+dist/default/production\gas_detection.X.production.sym \
  --cmf=dist/default/production\gas_detection.X.production.cmf -z -Q16F877A \
  -oC:\Users\SARAVA~1\AppData\Local\Temp\s9p0.2 \
  -Mdist/default/production/gas_detection.X.production.map -E1 -ver=XC8 \
  -ASTACK=0110h-016fh -pstack=STACK -ACODE=00h-07FFhx4 -ASTRCODE=00h-01FFFh \
  -ASTRING=00h-0FFhx32 -ACONST=00h-0FFhx32 -AENTRY=00h-0FFhx32 \
  -ACOMMON=070h-07Fh -ABANK0=020h-06Fh -ABANK1=0A0h-0EFh \
  -ABANK2=0110h-016Fh -ABANK3=0190h-01EFh \
  -ARAM=020h-06Fh,0A0h-0EFh,0110h-016Fh,0190h-01EFh \
  -AABS1=020h-07Fh,0A0h-0EFh,0110h-016Fh,0190h-01EFh -ASFR0=00h-01Fh \
  -ASFR1=080h-09Fh -ASFR2=0100h-010Fh -ASFR3=0180h-018Fh \
  -preset_vec=00h,intentry,init,end_init -ppowerup=CODE -pcinit=CODE \
  -pfunctab=CODE -ACONFIG=02007h-02007h -pconfig=CONFIG -DCONFIG=2 \
  -AIDLOC=02000h-02003h -pidloc=IDLOC -DIDLOC=2 -AEEDATA=00h-0FFh/02100h \
  -peeprom_data=EEDATA -DEEDATA=2 -DCODE=2 -DSTRCODE=2 -DSTRING=2 -DCONST=2 \
  -DENTRY=2 -k C:\Users\SARAVA~1\AppData\Local\Temp\s9p0.obj \
  dist/default/production\gas_detection.X.production.obj 

Object code version is 3.11

Machine type is 16F877A



                Name                               Link     Load   Length Selector   Space Scale
C:\Users\SARAVA~1\AppData\Local\Temp\s9p0.obj
                end_init                              0        0        3        0       0
                config                             2007     2007        1     400E       0
dist/default/production\gas_detection.X.production.obj
                cinit                               7E8      7E8       18      FD0       0
                text24                               81       81       1A      102       0
                text23                               9B       9B       1A      136       0
                text22                              FE9      FE9        B     1FD2       0
                text21                              213      213       5C      426       0
                text20                              1C9      1C9       4A      392       0
                text19                              117      117       39      22E       0
                text18                              18C      18C       3D      318       0
                text17                              26F      26F       6C      4DE       0
                text16                              3FF      3FF       D3      7FE       0
                text15                              2DB      2DB       8E      5B6       0
                text14                               58       58       14       B0       0
                text13                              FD6      FD6        9     1FAC       0
                text12                               B5       B5       30      16A       0
                text11                              FDF      FDF        A     1FBE       0
                text10                              369      369       96      6D2       0
                text9                               FF4      FF4        C     1FE8       0
                text8                               150      150       3C      2A0       0
                text7                                E5       E5       32      1CA       0
                text6                               4D2      4D2       E8      9A4       0
                text5                                46       46       12       8C       0
                text4                                 5        5        C        A       0
                text3                                6C       6C       15       D8       0
                text2                                11       11        C       22       0
                text1                                1D       1D        C       3A       0
                maintext                            5BA      5BA      22E      B74       0
                cstackBANK0                          44       44       21       20       1
                cstackCOMMON                         70       70        E       70       1
                clrtext                             FCE      FCE        8     1F9C       0
                inittext                             35       35       11       6A       0
                dataBANK1                            A0       A0        C       A0       1
                bssBANK0                             20       20       24       20       1
                stringtext                          800      800      11E       10       0
                idataBANK1                           29       29        C       52       0

TOTAL           Name                               Link     Load   Length     Space
        CLASS   STACK          

        CLASS   CODE           
                end_init                              0        0        3         0
                cinit                               7E8      7E8       18         0
                text24                               81       81       1A         0
                text23                               9B       9B       1A         0
                text22                              FE9      FE9        B         0
                text21                              213      213       5C         0
                text20                              1C9      1C9       4A         0
                text19                              117      117       39         0
                text18                              18C      18C       3D         0
                text17                              26F      26F       6C         0
                text16                              3FF      3FF       D3         0
                text15                              2DB      2DB       8E         0
                text14                               58       58       14         0
                text13                              FD6      FD6        9         0
                text12                               B5       B5       30         0
                text11                              FDF      FDF        A         0
                text10                              369      369       96         0
                text9                               FF4      FF4        C         0
                text8                               150      150       3C         0
                text7                                E5       E5       32         0
                text6                               4D2      4D2       E8         0
                text5                                46       46       12         0
                text4                                 5        5        C         0
                text3                                6C       6C       15         0
                text2                                11       11        C         0
                text1                                1D       1D        C         0
                maintext                            5BA      5BA      22E         0
                clrtext                             FCE      FCE        8         0
                inittext                             35       35       11         0
                idataBANK1                           29       29        C         0

        CLASS   STRCODE        
                stringtext                          800      800      11E         0

        CLASS   STRING         

        CLASS   CONST          

        CLASS   ENTRY          

        CLASS   COMMON         
                cstackCOMMON                         70       70        E         1

        CLASS   BANK0          
                cstackBANK0                          44       44       21         1
                bssBANK0                             20       20       24         1

        CLASS   BANK1          
                dataBANK1                            A0       A0        C         1

        CLASS   BANK2          

        CLASS   BANK3          

        CLASS   RAM            

        CLASS   ABS1           
                abs_s1                               7E       7E        2         1

        CLASS   SFR0           

        CLASS   SFR1           

        CLASS   SFR2           

        CLASS   SFR3           

        CLASS   CONFIG         
                config                             2007     2007        1         0

        CLASS   IDLOC          

        CLASS   EEDATA         



SEGMENTS        Name                           Load    Length   Top    Selector   Space  Class     Delta

                reset_vec                      000000  000003  000003         0       0  CODE        2
                text4                          000005  00000C  000011         A       0  CODE        2
                bssBANK0                       000020  000045  000065        20       1  BANK0       1
                text2                          000011  00000C  00001D        22       0  CODE        2
                text1                          00001D  00000C  000029        3A       0  CODE        2
                idataBANK1                     000029  00000C  000035        52       0  CODE        2
                inittext                       000035  000011  000046        6A       0  CODE        2
                cstackCOMMON                   000070  00000E  00007E        70       1  COMMON      1
                text5                          000046  000012  000058        8C       0  CODE        2
                dataBANK1                      0000A0  00000C  0000AC        A0       1  BANK1       1
                text14                         000058  000014  00006C        B0       0  CODE        2
                text3                          00006C  000015  000081        D8       0  CODE        2
                text24                         000081  00001A  00009B       102       0  CODE        2
                text23                         00009B  00001A  0000B5       136       0  CODE        2
                text12                         0000B5  000030  0000E5       16A       0  CODE        2
                text7                          0000E5  000032  000117       1CA       0  CODE        2
                text19                         000117  000039  000150       22E       0  CODE        2
                text8                          000150  00003C  00018C       2A0       0  CODE        2
                text18                         00018C  00003D  0001C9       318       0  CODE        2
                text20                         0001C9  00004A  000213       392       0  CODE        2
                text21                         000213  00005C  00026F       426       0  CODE        2
                text17                         00026F  00006C  0002DB       4DE       0  CODE        2
                text15                         0002DB  00008E  000369       5B6       0  CODE        2
                text10                         000369  000096  0003FF       6D2       0  CODE        2
                text16                         0003FF  0000D3  0004D2       7FE       0  CODE        2
                text6                          0004D2  0000E8  0005BA       9A4       0  CODE        2
                maintext                       0005BA  00022E  0007E8       B74       0  CODE        2
                cinit                          0007E8  000018  000800       FD0       0  CODE        2
                stringtext                     000800  00011E  00091E        10       0  STRCODE     2
                clrtext                        000FCE  000008  000FD6      1F9C       0  CODE        2
                text13                         000FD6  000009  000FDF      1FAC       0  CODE        2
                text11                         000FDF  00000A  000FE9      1FBE       0  CODE        2
                text22                         000FE9  00000B  000FF4      1FD2       0  CODE        2
                text9                          000FF4  00000C  001000      1FE8       0  CODE        2
                config                         002007  000001  002008      400E       0  CONFIG      2


UNUSED ADDRESS RANGES

        Name                Unused          Largest block    Delta
        BANK0            0065-006F              B           1
        BANK1            00AC-00EF             44           1
        BANK2            0110-016F             60           1
        BANK3            0190-01EF             60           1
        CODE             0003-0004              2           2
                         091E-0FCD            6B0
                         1000-1FFF            800
        CONST            0003-0004              2           2
                         091E-0FCD            100
                         1000-1FFF            100
        EEDATA           2100-21FF            100           2
        ENTRY            0003-0004              2           2
                         091E-0FCD            100
                         1000-1FFF            100
        IDLOC            2000-2003              4           2
        RAM              0065-006F              B           1
                         00AC-00EF             44
                         0110-016F             60
                         0190-01EF             60
        SFR0             0000-001F             20           1
        SFR1             0080-009F             20           1
        SFR2             0100-010F             10           1
        SFR3             0180-018F             10           1
        STACK            0110-016F             60           1
        STRCODE          0003-0004              2           2
                         091E-0FCD            6B0
                         1000-1FFF           1000
        STRING           0003-0004              2           2
                         091E-0FCD            100
                         1000-1FFF            100

                                  Symbol Table

?___ftmul                       cstackBANK0  0044
?___ftpack                      cstackCOMMON 0070
?___fttol                       cstackBANK0  0054
?___lwdiv                       cstackCOMMON 0070
?___lwmod                       cstackCOMMON 0078
?___lwtoft                      cstackCOMMON 0078
?_adc_read                      cstackCOMMON 0070
?_sprintf                       cstackBANK0  0044
Lcd_Cmd@a                       cstackCOMMON 0073
Lcd_Port@a                      cstackCOMMON 0070
Lcd_Set_Cursor@a                cstackCOMMON 0077
Lcd_Set_Cursor@b                cstackCOMMON 0074
Lcd_Set_Cursor@temp             cstackCOMMON 007A
Lcd_Set_Cursor@y                cstackCOMMON 0079
Lcd_Set_Cursor@z                cstackCOMMON 0078
Lcd_Write_Char@a                cstackCOMMON 0074
Lcd_Write_Char@temp             cstackCOMMON 0072
Lcd_Write_Char@y                cstackCOMMON 0073
Lcd_Write_String@a              cstackCOMMON 0075
Lcd_Write_String@i              cstackCOMMON 007A
_ADCON0                         (abs)        001F
_ADCON1                         (abs)        009F
_ADRESH                         (abs)        001E
_ADRESL                         (abs)        009E
_BRGH                           (abs)        04C2
_CREN                           (abs)        00C4
_GO_nDONE                       (abs)        00FA
_Lcd_Clear                      text22       0FE9
_Lcd_Cmd                        text23       009B
_Lcd_Init                       text21       0213
_Lcd_Port                       text24       0081
_Lcd_Set_Cursor                 text20       01C9
_Lcd_Write_Char                 text19       0117
_Lcd_Write_String               text18       018C
_OERR                           (abs)        00C1
_RB7                            (abs)        0037
_RCIF                           (abs)        0065
_RCREG                          (abs)        001A
_RD2                            (abs)        0042
_RD3                            (abs)        0043
_RD4                            (abs)        0044
_RD5                            (abs)        0045
_RD6                            (abs)        0046
_RD7                            (abs)        0047
_SPBRG                          (abs)        0099
_SPEN                           (abs)        00C7
_SYNC                           (abs)        04C4
_TRISA                          (abs)        0085
_TRISB7                         (abs)        0437
_TRISC6                         (abs)        043E
_TRISC7                         (abs)        043F
_TRISD                          (abs)        0088
_TRMT                           (abs)        04C1
_TXEN                           (abs)        04C5
_TXIF                           (abs)        0064
_TXREG                          (abs)        0019
__CFG_BOREN$OFF                 (abs)        0000
__CFG_CP$OFF                    (abs)        0000
__CFG_CPD$OFF                   (abs)        0000
__CFG_FOSC$HS                   (abs)        0000
__CFG_LVP$OFF                   (abs)        0000
__CFG_PWRTE$OFF                 (abs)        0000
__CFG_WDTE$OFF                  (abs)        0000
__CFG_WRT$OFF                   (abs)        0000
__Habs1                         abs1         0000
__Hbank0                        bank0        0000
__Hbank1                        bank1        0000
__Hbank2                        bank2        0000
__Hbank3                        bank3        0000
__HbssBANK0                     bssBANK0     0000
__Hcinit                        cinit        0800
__Hclrtext                      clrtext      0000
__Hcode                         code         0000
__Hcommon                       common       0000
__Hconfig                       config       2008
__HcstackBANK0                  cstackBANK0  0000
__HcstackCOMMON                 cstackCOMMON 0000
__HdataBANK1                    dataBANK1    0000
__Heeprom_data                  eeprom_data  0000
__Hend_init                     end_init     0003
__Hfunctab                      functab      0000
__HidataBANK1                   idataBANK1   0000
__Hidloc                        idloc        0000
__Hinit                         init         0000
__Hinittext                     inittext     0000
__Hintentry                     intentry     0000
__Hmaintext                     maintext     0000
__Hpowerup                      powerup      0000
__Hram                          ram          0000
__Hreset_vec                    reset_vec    0000
__Hsfr0                         sfr0         0000
__Hsfr1                         sfr1         0000
__Hsfr2                         sfr2         0000
__Hsfr3                         sfr3         0000
__Hspace_0                      (abs)        2008
__Hspace_1                      (abs)        00AC
__Hspace_2                      (abs)        0000
__Hspace_3                      (abs)        0000
__Hstack                        stack        0000
__Hstrings                      strings      0000
__Hstringtext                   stringtext   0000
__Htext                         text         0000
__Labs1                         abs1         0000
__Lbank0                        bank0        0000
__Lbank1                        bank1        0000
__Lbank2                        bank2        0000
__Lbank3                        bank3        0000
__LbssBANK0                     bssBANK0     0000
__Lcinit                        cinit        07E8
__Lclrtext                      clrtext      0000
__Lcode                         code         0000
__Lcommon                       common       0000
__Lconfig                       config       2007
__LcstackBANK0                  cstackBANK0  0000
__LcstackCOMMON                 cstackCOMMON 0000
__LdataBANK1                    dataBANK1    0000
__Leeprom_data                  eeprom_data  0000
__Lend_init                     end_init     0000
__Lfunctab                      functab      0000
__LidataBANK1                   idataBANK1   0000
__Lidloc                        idloc        0000
__Linit                         init         0000
__Linittext                     inittext     0000
__Lintentry                     intentry     0000
__Lmaintext                     maintext     0000
__Lpowerup                      powerup      0000
__Lram                          ram          0000
__Lreset_vec                    reset_vec    0000
__Lsfr0                         sfr0         0000
__Lsfr1                         sfr1         0000
__Lsfr2                         sfr2         0000
__Lsfr3                         sfr3         0000
__Lspace_0                      (abs)        0000
__Lspace_1                      (abs)        0000
__Lspace_2                      (abs)        0000
__Lspace_3                      (abs)        0000
__Lstack                        stack        0000
__Lstrings                      strings      0000
__Lstringtext                   stringtext   0000
__Ltext                         text         0000
__S0                            (abs)        2008
__S1                            (abs)        00AC
__S2                            (abs)        0000
__S3                            (abs)        0000
___ftmul                        text16       03FF
___ftmul@cntr                   cstackBANK0  0052
___ftmul@exp                    cstackBANK0  004E
___ftmul@f1                     cstackBANK0  0044
___ftmul@f2                     cstackBANK0  0047
___ftmul@f3_as_product          cstackBANK0  004F
___ftmul@sign                   cstackBANK0  0053
___ftpack                       text17       026F
___ftpack@arg                   cstackCOMMON 0070
___ftpack@exp                   cstackCOMMON 0073
___ftpack@sign                  cstackCOMMON 0074
___fttol                        text15       02DB
___fttol@exp1                   cstackBANK0  0061
___fttol@f1                     cstackBANK0  0054
___fttol@lval                   cstackBANK0  005D
___fttol@sign1                  cstackBANK0  005C
___int_sp                       stack        0000
___latbits                      (abs)        0002
___lwdiv                        text8        0150
___lwdiv@counter                cstackCOMMON 0077
___lwdiv@dividend               cstackCOMMON 0072
___lwdiv@divisor                cstackCOMMON 0070
___lwdiv@quotient               cstackCOMMON 0075
___lwmod                        text7        00E5
___lwmod@counter                cstackCOMMON 007D
___lwmod@dividend               cstackCOMMON 007A
___lwmod@divisor                cstackCOMMON 0078
___lwtoft                       text14       0058
___lwtoft@c                     cstackCOMMON 0078
___sp                           stack        0000
__end_of_Lcd_Clear              text22       0FF4
__end_of_Lcd_Cmd                text23       00B5
__end_of_Lcd_Init               text21       026F
__end_of_Lcd_Port               text24       009B
__end_of_Lcd_Set_Cursor         text20       0213
__end_of_Lcd_Write_Char         text19       0150
__end_of_Lcd_Write_String       text18       01C9
__end_of___ftmul                text16       04D2
__end_of___ftpack               text17       02DB
__end_of___fttol                text15       0369
__end_of___lwdiv                text8        018C
__end_of___lwmod                text7        0117
__end_of___lwtoft               text14       006C
__end_of__initialization        cinit        07FC
__end_of__stringtab             stringtext   0812
__end_of_adc_init               text13       0FDF
__end_of_adc_read               text12       00E5
__end_of_dpowers                stringtext   081C
__end_of_main                   maintext     07E8
__end_of_ready                  text9        1000
__end_of_sprintf                text6        05BA
__end_of_uart_init              text5        0058
__end_of_uart_response          text10       03FF
__end_of_uart_rx                text11       0FE9
__end_of_uart_txc               text4        0011
__end_of_uart_txs               text3        0081
__end_of_value1                 text2        001D
__end_of_value2                 text1        0029
__end_ofuart_response@lengths   stringtext   0828
__end_ofuart_response@responses stringtext   0822
__initialization                cinit        07E8
__pbssBANK0                     bssBANK0     0020
__pcstackBANK0                  cstackBANK0  0044
__pcstackCOMMON                 cstackCOMMON 0070
__pdataBANK1                    dataBANK1    00A0
__pidataBANK1                   idataBANK1   0029
__pmaintext                     maintext     05BA
__pstringtext                   stringtext   0800
__ptext1                        text1        001D
__ptext10                       text10       0369
__ptext11                       text11       0FDF
__ptext12                       text12       00B5
__ptext13                       text13       0FD6
__ptext14                       text14       0058
__ptext15                       text15       02DB
__ptext16                       text16       03FF
__ptext17                       text17       026F
__ptext18                       text18       018C
__ptext19                       text19       0117
__ptext2                        text2        0011
__ptext20                       text20       01C9
__ptext21                       text21       0213
__ptext22                       text22       0FE9
__ptext23                       text23       009B
__ptext24                       text24       0081
__ptext3                        text3        006C
__ptext4                        text4        0005
__ptext5                        text5        0046
__ptext6                        text6        04D2
__ptext7                        text7        00E5
__ptext8                        text8        0150
__ptext9                        text9        0FF4
__size_of_Lcd_Clear             (abs)        0000
__size_of_Lcd_Cmd               (abs)        0000
__size_of_Lcd_Init              (abs)        0000
__size_of_Lcd_Port              (abs)        0000
__size_of_Lcd_Set_Cursor        (abs)        0000
__size_of_Lcd_Write_Char        (abs)        0000
__size_of_Lcd_Write_String      (abs)        0000
__size_of___ftmul               (abs)        0000
__size_of___ftpack              (abs)        0000
__size_of___fttol               (abs)        0000
__size_of___lwdiv               (abs)        0000
__size_of___lwmod               (abs)        0000
__size_of___lwtoft              (abs)        0000
__size_of_adc_init              (abs)        0000
__size_of_adc_read              (abs)        0000
__size_of_main                  (abs)        0000
__size_of_ready                 (abs)        0000
__size_of_sprintf               (abs)        0000
__size_of_uart_init             (abs)        0000
__size_of_uart_response         (abs)        0000
__size_of_uart_rx               (abs)        0000
__size_of_uart_txc              (abs)        0000
__size_of_uart_txs              (abs)        0000
__size_of_value1                (abs)        0000
__size_of_value2                (abs)        0000
__stringbase                    stringtext   0812
__stringtab                     stringtext   0800
_adc_init                       text13       0FD6
_adc_read                       text12       00B5
_dpowers                        stringtext   0812
_g                              bssBANK0     0030
_gas                            bssBANK0     0026
_main                           maintext     05BA
_ready                          text9        0FF4
_sprintf                        text6        04D2
_t                              bssBANK0     003A
_temp                           bssBANK0     0028
_uart_init                      text5        0046
_uart_response                  text10       0369
_uart_rx                        text11       0FDF
_uart_txc                       text4        0005
_uart_txs                       text3        006C
_value1                         text2        0011
_value2                         text1        001D
adc_read@channel                cstackCOMMON 0074
btemp                           (abs)        007E
clear_ram0                      clrtext      0FCE
end_of_initialization           cinit        07FC
init_fetch0                     inittext     0035
init_ram0                       inittext     0039
intlevel0                       functab      0000
intlevel1                       functab      0000
intlevel2                       functab      0000
intlevel3                       functab      0000
intlevel4                       functab      0000
intlevel5                       functab      0000
reset_vec                       reset_vec    0000
sprintf@ap                      cstackBANK0  004B
sprintf@c                       cstackBANK0  0051
sprintf@f                       cstackBANK0  0044
sprintf@flag                    cstackBANK0  004C
sprintf@prec                    cstackBANK0  004D
sprintf@sp                      cstackBANK0  0050
sprintf@val                     cstackBANK0  004E
stackhi                         (abs)        0000
stacklo                         (abs)        0000
start                           init         0000
start_initialization            cinit        07E8
uart_response@F1319             bssBANK0     0020
uart_response@F1322             dataBANK1    00A0
uart_response@continue_loop     cstackBANK0  0058
uart_response@i                 cstackBANK0  0059
uart_response@lengths           stringtext   0822
uart_response@received          cstackBANK0  0056
uart_response@response          cstackBANK0  0057
uart_response@responses         stringtext   081C
uart_response@so_far            cstackBANK0  0050
uart_response@strings           cstackBANK0  0044
uart_txc@ch                     cstackCOMMON 0070
uart_txs@st                     cstackCOMMON 0072
wtemp0                          (abs)        007E


FUNCTION INFORMATION:

 *************** function _main *****************
 Defined at:
		line 132 in file "gas.c"
 Parameters:    Size  Location     Type
		None
 Auto vars:     Size  Location     Type
		None
 Return value:  Size  Location     Type
                  1    wreg      void 
 Registers used:
		wreg, fsr0l, fsr0h, status,2, status,0, btemp+1, pclath, cstack
 Tracked objects:
		On entry : 
		On exit  : 
		Unchanged: 
 Data sizes:     COMMON   BANK0   BANK1   BANK3   BANK2
      Params:         0       0       0       0       0
      Locals:         0       0       0       0       0
      Temps:          0       3       0       0       0
      Totals:         0       3       0       0       0
Total ram usage:        3 bytes
 Hardware stack levels required when called:    3
 This function calls:
		_Lcd_Clear
		_Lcd_Init
		_Lcd_Set_Cursor
		_Lcd_Write_String
		___ftmul
		___fttol
		___lwtoft
		_adc_init
		_adc_read
		_ready
		_sprintf
		_uart_init
		_uart_txc
		_uart_txs
		_value1
		_value2
 This function is called by:
		Startup code after reset
 This function uses a non-reentrant model


 *************** function _value2 *****************
 Defined at:
		line 100 in file "gas.c"
 Parameters:    Size  Location     Type
		None
 Auto vars:     Size  Location     Type
		None
 Return value:  Size  Location     Type
		None               void
 Registers used:
		wreg, fsr0l, fsr0h, status,2, status,0, btemp+1, pclath, cstack
 Tracked objects:
		On entry : 
		On exit  : 
		Unchanged: 
 Data sizes:     COMMON   BANK0   BANK1   BANK3   BANK2
      Params:         0       0       0       0       0
      Locals:         0       0       0       0       0
      Temps:          0       0       0       0       0
      Totals:         0       0       0       0       0
Total ram usage:        0 bytes
 Hardware stack levels used:    1
 Hardware stack levels required when called:    2
 This function calls:
		_uart_response
 This function is called by:
		_main
 This function uses a non-reentrant model


 *************** function _value1 *****************
 Defined at:
		line 97 in file "gas.c"
 Parameters:    Size  Location     Type
		None
 Auto vars:     Size  Location     Type
		None
 Return value:  Size  Location     Type
		None               void
 Registers used:
		wreg, fsr0l, fsr0h, status,2, status,0, btemp+1, pclath, cstack
 Tracked objects:
		On entry : 
		On exit  : 
		Unchanged: 
 Data sizes:     COMMON   BANK0   BANK1   BANK3   BANK2
      Params:         0       0       0       0       0
      Locals:         0       0       0       0       0
      Temps:          0       0       0       0       0
      Totals:         0       0       0       0       0
Total ram usage:        0 bytes
 Hardware stack levels used:    1
 Hardware stack levels required when called:    2
 This function calls:
		_uart_response
 This function is called by:
		_main
 This function uses a non-reentrant model


 *************** function _uart_txs *****************
 Defined at:
		line 53 in file "gas.c"
 Parameters:    Size  Location     Type
  st              1    wreg     PTR unsigned char 
		 -> g(10), t(10), 
 Auto vars:     Size  Location     Type
  st              1    2[COMMON] PTR unsigned char 
		 -> g(10), t(10), 
 Return value:  Size  Location     Type
                  1    wreg      void 
 Registers used:
		wreg, fsr0l, fsr0h, status,2, status,0, pclath, cstack
 Tracked objects:
		On entry : 
		On exit  : 
		Unchanged: 
 Data sizes:     COMMON   BANK0   BANK1   BANK3   BANK2
      Params:         0       0       0       0       0
      Locals:         1       0       0       0       0
      Temps:          1       0       0       0       0
      Totals:         2       0       0       0       0
Total ram usage:        2 bytes
 Hardware stack levels used:    1
 Hardware stack levels required when called:    1
 This function calls:
		_uart_txc
 This function is called by:
		_main
 This function uses a non-reentrant model


 *************** function _uart_txc *****************
 Defined at:
		line 48 in file "gas.c"
 Parameters:    Size  Location     Type
  ch              1    wreg     unsigned char 
 Auto vars:     Size  Location     Type
  ch              1    0[COMMON] unsigned char 
 Return value:  Size  Location     Type
                  1    wreg      void 
 Registers used:
		wreg
 Tracked objects:
		On entry : 
		On exit  : 
		Unchanged: 
 Data sizes:     COMMON   BANK0   BANK1   BANK3   BANK2
      Params:         0       0       0       0       0
      Locals:         1       0       0       0       0
      Temps:          0       0       0       0       0
      Totals:         1       0       0       0       0
Total ram usage:        1 bytes
 Hardware stack levels used:    1
 This function calls:
		Nothing
 This function is called by:
		_uart_txs
		_main
 This function uses a non-reentrant model


 *************** function _uart_init *****************
 Defined at:
		line 38 in file "gas.c"
 Parameters:    Size  Location     Type
		None
 Auto vars:     Size  Location     Type
		None
 Return value:  Size  Location     Type
                  1    wreg      void 
 Registers used:
		wreg
 Tracked objects:
		On entry : 
		On exit  : 
		Unchanged: 
 Data sizes:     COMMON   BANK0   BANK1   BANK3   BANK2
      Params:         0       0       0       0       0
      Locals:         0       0       0       0       0
      Temps:          0       0       0       0       0
      Totals:         0       0       0       0       0
Total ram usage:        0 bytes
 Hardware stack levels used:    1
 This function calls:
		Nothing
 This function is called by:
		_main
 This function uses a non-reentrant model


 *************** function _sprintf *****************
 Defined at:
		line 492 in file "C:\Program Files (x86)\Microchip\xc8\v1.42\sources\common\doprnt.c"
 Parameters:    Size  Location     Type
  sp              1    wreg     PTR unsigned char 
		 -> g(10), t(10), 
  f               2    0[BANK0 ] PTR const unsigned char 
		 -> STR_16(3), STR_13(4), 
 Auto vars:     Size  Location     Type
  sp              1   12[BANK0 ] PTR unsigned char 
		 -> g(10), t(10), 
  tmpval          4    0        struct .
  val             2   10[BANK0 ] unsigned int 
  cp              2    0        PTR const unsigned char 
  len             2    0        unsigned int 
  c               1   13[BANK0 ] char 
  prec            1    9[BANK0 ] char 
  flag            1    8[BANK0 ] unsigned char 
  ap              1    7[BANK0 ] PTR void [1]
		 -> ?_sprintf(2), 
 Return value:  Size  Location     Type
                  2    0[BANK0 ] int 
 Registers used:
		wreg, fsr0l, fsr0h, status,2, status,0, btemp+1, pclath, cstack
 Tracked objects:
		On entry : 
		On exit  : 
		Unchanged: 
 Data sizes:     COMMON   BANK0   BANK1   BANK3   BANK2
      Params:         0       4       0       0       0
      Locals:         0       7       0       0       0
      Temps:          0       3       0       0       0
      Totals:         0      14       0       0       0
Total ram usage:       14 bytes
 Hardware stack levels used:    1
 Hardware stack levels required when called:    1
 This function calls:
		___lwdiv
		___lwmod
 This function is called by:
		_main
 This function uses a non-reentrant model


 *************** function ___lwmod *****************
 Defined at:
		line 6 in file "C:\Program Files (x86)\Microchip\xc8\v1.42\sources\common\lwmod.c"
 Parameters:    Size  Location     Type
  divisor         2    8[COMMON] unsigned int 
  dividend        2   10[COMMON] unsigned int 
 Auto vars:     Size  Location     Type
  counter         1   13[COMMON] unsigned char 
 Return value:  Size  Location     Type
                  2    8[COMMON] unsigned int 
 Registers used:
		wreg, status,2, status,0
 Tracked objects:
		On entry : 
		On exit  : 
		Unchanged: 
 Data sizes:     COMMON   BANK0   BANK1   BANK3   BANK2
      Params:         4       0       0       0       0
      Locals:         1       0       0       0       0
      Temps:          1       0       0       0       0
      Totals:         6       0       0       0       0
Total ram usage:        6 bytes
 Hardware stack levels used:    1
 This function calls:
		Nothing
 This function is called by:
		_sprintf
 This function uses a non-reentrant model


 *************** function ___lwdiv *****************
 Defined at:
		line 6 in file "C:\Program Files (x86)\Microchip\xc8\v1.42\sources\common\lwdiv.c"
 Parameters:    Size  Location     Type
  divisor         2    0[COMMON] unsigned int 
  dividend        2    2[COMMON] unsigned int 
 Auto vars:     Size  Location     Type
  quotient        2    5[COMMON] unsigned int 
  counter         1    7[COMMON] unsigned char 
 Return value:  Size  Location     Type
                  2    0[COMMON] unsigned int 
 Registers used:
		wreg, status,2, status,0
 Tracked objects:
		On entry : 
		On exit  : 
		Unchanged: 
 Data sizes:     COMMON   BANK0   BANK1   BANK3   BANK2
      Params:         4       0       0       0       0
      Locals:         3       0       0       0       0
      Temps:          1       0       0       0       0
      Totals:         8       0       0       0       0
Total ram usage:        8 bytes
 Hardware stack levels used:    1
 This function calls:
		Nothing
 This function is called by:
		_sprintf
 This function uses a non-reentrant model


 *************** function _ready *****************
 Defined at:
		line 112 in file "gas.c"
 Parameters:    Size  Location     Type
		None
 Auto vars:     Size  Location     Type
		None
 Return value:  Size  Location     Type
		None               void
 Registers used:
		wreg, fsr0l, fsr0h, status,2, status,0, btemp+1, pclath, cstack
 Tracked objects:
		On entry : 
		On exit  : 
		Unchanged: 
 Data sizes:     COMMON   BANK0   BANK1   BANK3   BANK2
      Params:         0       0       0       0       0
      Locals:         0       0       0       0       0
      Temps:          0       0       0       0       0
      Totals:         0       0       0       0       0
Total ram usage:        0 bytes
 Hardware stack levels used:    1
 Hardware stack levels required when called:    2
 This function calls:
		_uart_response
 This function is called by:
		_main
 This function uses a non-reentrant model


 *************** function _uart_response *****************
 Defined at:
		line 67 in file "gas.c"
 Parameters:    Size  Location     Type
		None
 Auto vars:     Size  Location     Type
  i               1   21[BANK0 ] unsigned char 
  strings        12    0[BANK0 ] PTR const unsigned char 
		 -> STR_6(6), STR_5(5), STR_4(5), STR_3(6), 
		 -> STR_2(5), STR_1(6), 
  so_far          6   12[BANK0 ] unsigned char [6]
  continue_loo    1   20[BANK0 ] unsigned char 
  response        1   19[BANK0 ] unsigned char 
  received        1   18[BANK0 ] unsigned char 
 Return value:  Size  Location     Type
                  1    wreg      unsigned char 
 Registers used:
		wreg, fsr0l, fsr0h, status,2, status,0, btemp+1, pclath, cstack
 Tracked objects:
		On entry : 
		On exit  : 
		Unchanged: 
 Data sizes:     COMMON   BANK0   BANK1   BANK3   BANK2
      Params:         0       0       0       0       0
      Locals:         0      22       0       0       0
      Temps:          4       0       0       0       0
      Totals:         4      22       0       0       0
Total ram usage:       26 bytes
 Hardware stack levels used:    1
 Hardware stack levels required when called:    1
 This function calls:
		_uart_rx
 This function is called by:
		_value1
		_value2
		_ready
		_value3
		_value4
		_value5
 This function uses a non-reentrant model


 *************** function _uart_rx *****************
 Defined at:
		line 57 in file "gas.c"
 Parameters:    Size  Location     Type
		None
 Auto vars:     Size  Location     Type
		None
 Return value:  Size  Location     Type
                  1    wreg      unsigned char 
 Registers used:
		wreg
 Tracked objects:
		On entry : 
		On exit  : 
		Unchanged: 
 Data sizes:     COMMON   BANK0   BANK1   BANK3   BANK2
      Params:         0       0       0       0       0
      Locals:         0       0       0       0       0
      Temps:          0       0       0       0       0
      Totals:         0       0       0       0       0
Total ram usage:        0 bytes
 Hardware stack levels used:    1
 This function calls:
		Nothing
 This function is called by:
		_uart_response
 This function uses a non-reentrant model


 *************** function _adc_read *****************
 Defined at:
		line 120 in file "gas.c"
 Parameters:    Size  Location     Type
  channel         1    wreg     unsigned char 
 Auto vars:     Size  Location     Type
  channel         1    4[COMMON] unsigned char 
 Return value:  Size  Location     Type
                  2    0[COMMON] unsigned int 
 Registers used:
		wreg, status,2, status,0
 Tracked objects:
		On entry : 
		On exit  : 
		Unchanged: 
 Data sizes:     COMMON   BANK0   BANK1   BANK3   BANK2
      Params:         2       0       0       0       0
      Locals:         1       0       0       0       0
      Temps:          2       0       0       0       0
      Totals:         5       0       0       0       0
Total ram usage:        5 bytes
 Hardware stack levels used:    1
 This function calls:
		Nothing
 This function is called by:
		_main
 This function uses a non-reentrant model


 *************** function _adc_init *****************
 Defined at:
		line 116 in file "gas.c"
 Parameters:    Size  Location     Type
		None
 Auto vars:     Size  Location     Type
		None
 Return value:  Size  Location     Type
                  1    wreg      void 
 Registers used:
		wreg
 Tracked objects:
		On entry : 
		On exit  : 
		Unchanged: 
 Data sizes:     COMMON   BANK0   BANK1   BANK3   BANK2
      Params:         0       0       0       0       0
      Locals:         0       0       0       0       0
      Temps:          0       0       0       0       0
      Totals:         0       0       0       0       0
Total ram usage:        0 bytes
 Hardware stack levels used:    1
 This function calls:
		Nothing
 This function is called by:
		_main
 This function uses a non-reentrant model


 *************** function ___lwtoft *****************
 Defined at:
		line 28 in file "C:\Program Files (x86)\Microchip\xc8\v1.42\sources\common\lwtoft.c"
 Parameters:    Size  Location     Type
  c               2    8[COMMON] unsigned int 
 Auto vars:     Size  Location     Type
		None
 Return value:  Size  Location     Type
                  3    8[COMMON] float 
 Registers used:
		wreg, status,2, status,0, pclath, cstack
 Tracked objects:
		On entry : 
		On exit  : 
		Unchanged: 
 Data sizes:     COMMON   BANK0   BANK1   BANK3   BANK2
      Params:         3       0       0       0       0
      Locals:         0       0       0       0       0
      Temps:          1       0       0       0       0
      Totals:         4       0       0       0       0
Total ram usage:        4 bytes
 Hardware stack levels used:    1
 Hardware stack levels required when called:    1
 This function calls:
		___ftpack
 This function is called by:
		_main
 This function uses a non-reentrant model


 *************** function ___fttol *****************
 Defined at:
		line 44 in file "C:\Program Files (x86)\Microchip\xc8\v1.42\sources\common\fttol.c"
 Parameters:    Size  Location     Type
  f1              3   16[BANK0 ] float 
 Auto vars:     Size  Location     Type
  lval            4   25[BANK0 ] unsigned long 
  exp1            1   29[BANK0 ] unsigned char 
  sign1           1   24[BANK0 ] unsigned char 
 Return value:  Size  Location     Type
                  4   16[BANK0 ] long 
 Registers used:
		wreg, status,2, status,0
 Tracked objects:
		On entry : 
		On exit  : 
		Unchanged: 
 Data sizes:     COMMON   BANK0   BANK1   BANK3   BANK2
      Params:         0       4       0       0       0
      Locals:         0       6       0       0       0
      Temps:          0       4       0       0       0
      Totals:         0      14       0       0       0
Total ram usage:       14 bytes
 Hardware stack levels used:    1
 This function calls:
		Nothing
 This function is called by:
		_main
 This function uses a non-reentrant model


 *************** function ___ftmul *****************
 Defined at:
		line 62 in file "C:\Program Files (x86)\Microchip\xc8\v1.42\sources\common\ftmul.c"
 Parameters:    Size  Location     Type
  f1              3    0[BANK0 ] float 
  f2              3    3[BANK0 ] float 
 Auto vars:     Size  Location     Type
  f3_as_produc    3   11[BANK0 ] unsigned um
  sign            1   15[BANK0 ] unsigned char 
  cntr            1   14[BANK0 ] unsigned char 
  exp             1   10[BANK0 ] unsigned char 
 Return value:  Size  Location     Type
                  3    0[BANK0 ] float 
 Registers used:
		wreg, status,2, status,0, pclath, cstack
 Tracked objects:
		On entry : 
		On exit  : 
		Unchanged: 
 Data sizes:     COMMON   BANK0   BANK1   BANK3   BANK2
      Params:         0       6       0       0       0
      Locals:         0       6       0       0       0
      Temps:          0       4       0       0       0
      Totals:         0      16       0       0       0
Total ram usage:       16 bytes
 Hardware stack levels used:    1
 Hardware stack levels required when called:    1
 This function calls:
		___ftpack
 This function is called by:
		_main
 This function uses a non-reentrant model


 *************** function ___ftpack *****************
 Defined at:
		line 62 in file "C:\Program Files (x86)\Microchip\xc8\v1.42\sources\common\float.c"
 Parameters:    Size  Location     Type
  arg             3    0[COMMON] unsigned um
  exp             1    3[COMMON] unsigned char 
  sign            1    4[COMMON] unsigned char 
 Auto vars:     Size  Location     Type
		None
 Return value:  Size  Location     Type
                  3    0[COMMON] float 
 Registers used:
		wreg, status,2, status,0
 Tracked objects:
		On entry : 
		On exit  : 
		Unchanged: 
 Data sizes:     COMMON   BANK0   BANK1   BANK3   BANK2
      Params:         5       0       0       0       0
      Locals:         0       0       0       0       0
      Temps:          3       0       0       0       0
      Totals:         8       0       0       0       0
Total ram usage:        8 bytes
 Hardware stack levels used:    1
 This function calls:
		Nothing
 This function is called by:
		___ftmul
		___lwtoft
 This function uses a non-reentrant model


 *************** function _Lcd_Write_String *****************
 Defined at:
		line 92 in file "C:\Program Files (x86)\Microchip\xc8\v1.42\include\lcd.h"
 Parameters:    Size  Location     Type
  a               2    5[COMMON] PTR unsigned char 
		 -> STR_21(17), STR_20(17), STR_19(18), STR_18(17), 
		 -> STR_17(17), g(10), STR_15(11), STR_14(17), 
		 -> t(10), STR_12(8), STR_11(16), STR_10(17), 
		 -> STR_9(17), STR_8(17), STR_7(17), 
 Auto vars:     Size  Location     Type
  i               2   10[COMMON] int 
 Return value:  Size  Location     Type
                  1    wreg      void 
 Registers used:
		wreg, fsr0l, fsr0h, status,2, status,0, btemp+1, pclath, cstack
 Tracked objects:
		On entry : 
		On exit  : 
		Unchanged: 
 Data sizes:     COMMON   BANK0   BANK1   BANK3   BANK2
      Params:         2       0       0       0       0
      Locals:         2       0       0       0       0
      Temps:          3       0       0       0       0
      Totals:         7       0       0       0       0
Total ram usage:        7 bytes
 Hardware stack levels used:    1
 Hardware stack levels required when called:    2
 This function calls:
		_Lcd_Write_Char
 This function is called by:
		_main
 This function uses a non-reentrant model


 *************** function _Lcd_Write_Char *****************
 Defined at:
		line 76 in file "C:\Program Files (x86)\Microchip\xc8\v1.42\include\lcd.h"
 Parameters:    Size  Location     Type
  a               1    wreg     unsigned char 
 Auto vars:     Size  Location     Type
  a               1    4[COMMON] unsigned char 
  y               1    3[COMMON] unsigned char 
  temp            1    2[COMMON] unsigned char 
 Return value:  Size  Location     Type
                  1    wreg      void 
 Registers used:
		wreg, status,2, status,0, pclath, cstack
 Tracked objects:
		On entry : 
		On exit  : 
		Unchanged: 
 Data sizes:     COMMON   BANK0   BANK1   BANK3   BANK2
      Params:         0       0       0       0       0
      Locals:         3       0       0       0       0
      Temps:          1       0       0       0       0
      Totals:         4       0       0       0       0
Total ram usage:        4 bytes
 Hardware stack levels used:    1
 Hardware stack levels required when called:    1
 This function calls:
		_Lcd_Port
 This function is called by:
		_Lcd_Write_String
 This function uses a non-reentrant model


 *************** function _Lcd_Set_Cursor *****************
 Defined at:
		line 37 in file "C:\Program Files (x86)\Microchip\xc8\v1.42\include\lcd.h"
 Parameters:    Size  Location     Type
  a               1    wreg     unsigned char 
  b               1    4[COMMON] unsigned char 
 Auto vars:     Size  Location     Type
  a               1    7[COMMON] unsigned char 
  temp            1   10[COMMON] unsigned char 
  y               1    9[COMMON] unsigned char 
  z               1    8[COMMON] unsigned char 
 Return value:  Size  Location     Type
                  1    wreg      void 
 Registers used:
		wreg, status,2, status,0, pclath, cstack
 Tracked objects:
		On entry : 
		On exit  : 
		Unchanged: 
 Data sizes:     COMMON   BANK0   BANK1   BANK3   BANK2
      Params:         1       0       0       0       0
      Locals:         4       0       0       0       0
      Temps:          2       0       0       0       0
      Totals:         7       0       0       0       0
Total ram usage:        7 bytes
 Hardware stack levels used:    1
 Hardware stack levels required when called:    2
 This function calls:
		_Lcd_Cmd
 This function is called by:
		_main
 This function uses a non-reentrant model


 *************** function _Lcd_Init *****************
 Defined at:
		line 58 in file "C:\Program Files (x86)\Microchip\xc8\v1.42\include\lcd.h"
 Parameters:    Size  Location     Type
		None
 Auto vars:     Size  Location     Type
		None
 Return value:  Size  Location     Type
                  1    wreg      void 
 Registers used:
		wreg, status,2, status,0, pclath, cstack
 Tracked objects:
		On entry : 
		On exit  : 
		Unchanged: 
 Data sizes:     COMMON   BANK0   BANK1   BANK3   BANK2
      Params:         0       0       0       0       0
      Locals:         0       0       0       0       0
      Temps:          2       0       0       0       0
      Totals:         2       0       0       0       0
Total ram usage:        2 bytes
 Hardware stack levels used:    1
 Hardware stack levels required when called:    2
 This function calls:
		_Lcd_Cmd
		_Lcd_Port
 This function is called by:
		_main
 This function uses a non-reentrant model


 *************** function _Lcd_Clear *****************
 Defined at:
		line 31 in file "C:\Program Files (x86)\Microchip\xc8\v1.42\include\lcd.h"
 Parameters:    Size  Location     Type
		None
 Auto vars:     Size  Location     Type
		None
 Return value:  Size  Location     Type
                  2   78[None  ] int 
 Registers used:
		wreg, status,2, status,0, pclath, cstack
 Tracked objects:
		On entry : 
		On exit  : 
		Unchanged: 
 Data sizes:     COMMON   BANK0   BANK1   BANK3   BANK2
      Params:         0       0       0       0       0
      Locals:         0       0       0       0       0
      Temps:          0       0       0       0       0
      Totals:         0       0       0       0       0
Total ram usage:        0 bytes
 Hardware stack levels used:    1
 Hardware stack levels required when called:    2
 This function calls:
		_Lcd_Cmd
 This function is called by:
		_main
 This function uses a non-reentrant model


 *************** function _Lcd_Cmd *****************
 Defined at:
		line 22 in file "C:\Program Files (x86)\Microchip\xc8\v1.42\include\lcd.h"
 Parameters:    Size  Location     Type
  a               1    wreg     unsigned char 
 Auto vars:     Size  Location     Type
  a               1    3[COMMON] unsigned char 
 Return value:  Size  Location     Type
                  1    wreg      void 
 Registers used:
		wreg, status,2, status,0, pclath, cstack
 Tracked objects:
		On entry : 
		On exit  : 
		Unchanged: 
 Data sizes:     COMMON   BANK0   BANK1   BANK3   BANK2
      Params:         0       0       0       0       0
      Locals:         1       0       0       0       0
      Temps:          2       0       0       0       0
      Totals:         3       0       0       0       0
Total ram usage:        3 bytes
 Hardware stack levels used:    1
 Hardware stack levels required when called:    1
 This function calls:
		_Lcd_Port
 This function is called by:
		_Lcd_Clear
		_Lcd_Set_Cursor
		_Lcd_Init
 This function uses a non-reentrant model


 *************** function _Lcd_Port *****************
 Defined at:
		line 1 in file "C:\Program Files (x86)\Microchip\xc8\v1.42\include\lcd.h"
 Parameters:    Size  Location     Type
  a               1    wreg     unsigned char 
 Auto vars:     Size  Location     Type
  a               1    0[COMMON] unsigned char 
 Return value:  Size  Location     Type
                  1    wreg      void 
 Registers used:
		wreg
 Tracked objects:
		On entry : 
		On exit  : 
		Unchanged: 
 Data sizes:     COMMON   BANK0   BANK1   BANK3   BANK2
      Params:         0       0       0       0       0
      Locals:         1       0       0       0       0
      Temps:          0       0       0       0       0
      Totals:         1       0       0       0       0
Total ram usage:        1 bytes
 Hardware stack levels used:    1
 This function calls:
		Nothing
 This function is called by:
		_Lcd_Cmd
		_Lcd_Init
		_Lcd_Write_Char
 This function uses a non-reentrant model



MODULE INFORMATION

Module		Function		Class		Link	Load	Size
C:\Program Files (x86)\Microchip\xc8\v1.42\sources\common\ftmul.c
		___ftmul       		CODE           	03FF	0000	212

C:\Program Files (x86)\Microchip\xc8\v1.42\sources\common\ftmul.c estimated size: 212

C:\Program Files (x86)\Microchip\xc8\v1.42\include\lcd.h
		_Lcd_Write_String		CODE           	018C	0000	62
		_Lcd_Init      		CODE           	0213	0000	93
		_Lcd_Write_Char		CODE           	0117	0000	58
		_Lcd_Cmd       		CODE           	009B	0000	27
		_Lcd_Set_Cursor		CODE           	01C9	0000	75
		_Lcd_Clear     		CODE           	0FE9	0000	12
		_Lcd_Port      		CODE           	0081	0000	27

C:\Program Files (x86)\Microchip\xc8\v1.42\include\lcd.h estimated size: 354

C:\Program Files (x86)\Microchip\xc8\v1.42\sources\common\lwdiv.c
		___lwdiv       		CODE           	0150	0000	61

C:\Program Files (x86)\Microchip\xc8\v1.42\sources\common\lwdiv.c estimated size: 61

C:\Program Files (x86)\Microchip\xc8\v1.42\sources\common\fttol.c
		___fttol       		CODE           	02DB	0000	143

C:\Program Files (x86)\Microchip\xc8\v1.42\sources\common\fttol.c estimated size: 143

C:\Program Files (x86)\Microchip\xc8\v1.42\sources\common\lwtoft.c
		___lwtoft      		CODE           	0058	0000	21

C:\Program Files (x86)\Microchip\xc8\v1.42\sources\common\lwtoft.c estimated size: 21

shared
		__stringtab    		STRCODE        	0800	0000	19
		_dpowers       		STRCODE        	0812	0000	11
		uart_response@lengths		STRCODE        	0822	0000	7
		__initialization		CODE           	07E8	0000	21
		uart_response@responses		STRCODE        	081C	0000	7

shared estimated size: 65

gas.c
		_ready         		CODE           	0FF4	0000	13
		_uart_txc      		CODE           	0005	0000	13
		_uart_txs      		CODE           	006C	0000	22
		_main          		CODE           	05BA	0000	559
		_value1        		CODE           	0011	0000	13
		_uart_rx       		CODE           	0FDF	0000	11
		_uart_init     		CODE           	0046	0000	19
		_uart_response 		CODE           	0369	0000	151
		_value2        		CODE           	001D	0000	13
		_adc_read      		CODE           	00B5	0000	49
		_adc_init      		CODE           	0FD6	0000	10

gas.c estimated size: 873

C:\Program Files (x86)\Microchip\xc8\v1.42\sources\common\float.c
		___ftpack      		CODE           	026F	0000	109

C:\Program Files (x86)\Microchip\xc8\v1.42\sources\common\float.c estimated size: 109

C:\Program Files (x86)\Microchip\xc8\v1.42\sources\common\lwmod.c
		___lwmod       		CODE           	00E5	0000	51

C:\Program Files (x86)\Microchip\xc8\v1.42\sources\common\lwmod.c estimated size: 51

C:\Program Files (x86)\Microchip\xc8\v1.42\sources\common\doprnt.c
		_sprintf       		CODE           	04D2	0000	233

C:\Program Files (x86)\Microchip\xc8\v1.42\sources\common\doprnt.c estimated size: 233

