Microchip MPLAB XC8 Compiler V1.42 ()

Linker command line:

-W-3 --edf=C:\Program Files (x86)\Microchip\xc8\v1.42\dat\en_msgs.txt -cs \
  -h+dist/default/production\LIFI_agri.X.production.sym \
  --cmf=dist/default/production\LIFI_agri.X.production.cmf -z -Q16F877A \
  -oC:\Users\SARAVA~1\AppData\Local\Temp\s7uo.2 \
  -Mdist/default/production/LIFI_agri.X.production.map -E1 -ver=XC8 \
  -ASTACK=0110h-016fh -pstack=STACK -ACODE=00h-07FFhx4 -ASTRCODE=00h-01FFFh \
  -ASTRING=00h-0FFhx32 -ACONST=00h-0FFhx32 -AENTRY=00h-0FFhx32 \
  -ACOMMON=070h-07Fh -ABANK0=020h-06Fh -ABANK1=0A0h-0EFh \
  -ABANK2=0110h-016Fh -ABANK3=0190h-01EFh \
  -ARAM=020h-06Fh,0A0h-0EFh,0110h-016Fh,0190h-01EFh \
  -AABS1=020h-07Fh,0A0h-0EFh,0110h-016Fh,0190h-01EFh -ASFR0=00h-01Fh \
  -ASFR1=080h-09Fh -ASFR2=0100h-010Fh -ASFR3=0180h-018Fh \
  -preset_vec=00h,intentry=04h,init,end_init -ppowerup=CODE -pcinit=CODE \
  -pfunctab=CODE -ACONFIG=02007h-02007h -pconfig=CONFIG -DCONFIG=2 \
  -AIDLOC=02000h-02003h -pidloc=IDLOC -DIDLOC=2 -AEEDATA=00h-0FFh/02100h \
  -peeprom_data=EEDATA -DEEDATA=2 -DCODE=2 -DSTRCODE=2 -DSTRING=2 -DCONST=2 \
  -DENTRY=2 -k C:\Users\SARAVA~1\AppData\Local\Temp\s7uo.obj \
  dist/default/production\LIFI_agri.X.production.obj 

Object code version is 3.11

Machine type is 16F877A



                Name                               Link     Load   Length Selector   Space Scale
C:\Users\SARAVA~1\AppData\Local\Temp\s7uo.obj
                end_init                             12       12        3        8       0
                reset_vec                             0        0        3        0       0
                config                             2007     2007        1     400E       0
dist/default/production\LIFI_agri.X.production.obj
                cinit                                15       15       15        8       0
                intentry                              4        4        E        8       0
                text24                              F01      F01        A     1E02       0
                text23                              FA4      FA4       2B     1F48       0
                text22                              F6C      F6C       1C     1ED8       0
                text21                              F52      F52       1A     1EA4       0
                text20                              F88      F88       1C     1F10       0
                text19                              F0B      F0B        B     1E16       0
                text18                              60B      60B       61      B3A       0
                text17                              66C      66C       52      B3A       0
                text16                              778      778       39      B3A       0
                text15                              6BE      6BE       41      B3A       0
                text14                              73D      73D       3B      B3A       0
                text13                              7E5      7E5       1A      B3A       0
                text12                              59D      59D       6E      B3A       0
                text11                              3D8      3D8       B8        8       0
                text10                              246      246       D3        8       0
                text9                               490      490       8E        8       0
                text8                               F22      F22       18     1E44       0
                text7                               EF8      EF8        9     1DF0       0
                text6                               FCF      FCF       31     1F9E       0
                text5                               6FF      6FF       3E      B3A       0
                text4                               7B1      7B1       34      B3A       0
                text3                               319      319       BF        8       0
                text2                               F3A      F3A       18     1E74       0
                text1                               F16      F16        C     1E2C       0
                maintext                             2A       2A      21C        8       0
                cstackBANK0                          20       20       3F       20       1
                cstackCOMMON                         70       70        7       70       1
                clrtext                             EF0      EF0        8     1DE0       0
                bssBANK1                             A0       A0       1E       A0       1
                bssBANK0                             5F       5F        D       20       1
                bssCOMMON                            77       77        2       70       1
                strings                             51E      51E       7F      A3C       0

TOTAL           Name                               Link     Load   Length     Space
        CLASS   STACK          

        CLASS   CODE           
                end_init                             12       12        3         0
                cinit                                15       15       15         0
                intentry                              4        4        E         0
                reset_vec                             0        0        3         0
                text24                              F01      F01        A         0
                text23                              FA4      FA4       2B         0
                text22                              F6C      F6C       1C         0
                text21                              F52      F52       1A         0
                text20                              F88      F88       1C         0
                text19                              F0B      F0B        B         0
                text18                              60B      60B       61         0
                text17                              66C      66C       52         0
                text16                              778      778       39         0
                text15                              6BE      6BE       41         0
                text14                              73D      73D       3B         0
                text13                              7E5      7E5       1A         0
                text12                              59D      59D       6E         0
                text11                              3D8      3D8       B8         0
                text10                              246      246       D3         0
                text9                               490      490       8E         0
                text8                               F22      F22       18         0
                text7                               EF8      EF8        9         0
                text6                               FCF      FCF       31         0
                text5                               6FF      6FF       3E         0
                text4                               7B1      7B1       34         0
                text3                               319      319       BF         0
                text2                               F3A      F3A       18         0
                text1                               F16      F16        C         0
                maintext                             2A       2A      21C         0
                clrtext                             EF0      EF0        8         0

        CLASS   STRCODE        

        CLASS   STRING         
                strings                             51E      51E       7F         0

        CLASS   CONST          

        CLASS   ENTRY          

        CLASS   COMMON         
                cstackCOMMON                         70       70        7         1
                bssCOMMON                            77       77        2         1

        CLASS   BANK0          
                cstackBANK0                          20       20       3F         1
                bssBANK0                             5F       5F        D         1

        CLASS   BANK1          
                bssBANK1                             A0       A0       1E         1

        CLASS   BANK2          

        CLASS   BANK3          

        CLASS   RAM            

        CLASS   ABS1           
                abs_s1                               7E       7E        2         1

        CLASS   SFR0           

        CLASS   SFR1           

        CLASS   SFR2           

        CLASS   SFR3           

        CLASS   CONFIG         
                config                             2007     2007        1         0

        CLASS   IDLOC          

        CLASS   EEDATA         



SEGMENTS        Name                           Load    Length   Top    Selector   Space  Class     Delta

                reset_vec                      000000  000003  000003         0       0  CODE        2
                intentry                       000004  00051A  00051E         8       0  CODE        2
                cstackBANK0                    000020  00004C  00006C        20       1  BANK0       1
                cstackCOMMON                   000070  000009  000079        70       1  COMMON      1
                bssBANK1                       0000A0  00001E  0000BE        A0       1  BANK1       1
                strings                        00051E  00007F  00059D       A3C       0  STRING      2
                text12                         00059D  000262  0007FF       B3A       0  CODE        2
                clrtext                        000EF0  000008  000EF8      1DE0       0  CODE        2
                text7                          000EF8  000009  000F01      1DF0       0  CODE        2
                text24                         000F01  00000A  000F0B      1E02       0  CODE        2
                text19                         000F0B  00000B  000F16      1E16       0  CODE        2
                text1                          000F16  00000C  000F22      1E2C       0  CODE        2
                text8                          000F22  000018  000F3A      1E44       0  CODE        2
                text2                          000F3A  000018  000F52      1E74       0  CODE        2
                text21                         000F52  00001A  000F6C      1EA4       0  CODE        2
                text22                         000F6C  00001C  000F88      1ED8       0  CODE        2
                text20                         000F88  00001C  000FA4      1F10       0  CODE        2
                text23                         000FA4  00002B  000FCF      1F48       0  CODE        2
                text6                          000FCF  000031  001000      1F9E       0  CODE        2
                config                         002007  000001  002008      400E       0  CONFIG      2


UNUSED ADDRESS RANGES

        Name                Unused          Largest block    Delta
        BANK0            006C-006F              4           1
        BANK1            00BE-00EF             32           1
        BANK2            0110-016F             60           1
        BANK3            0190-01EF             60           1
        CODE             0003-0003              1           2
                         07FF-0EEF              1
                         1000-1FFF            800
        COMMON           0079-007D              5           1
        CONST            0003-0003              1           2
                         07FF-0EEF            100
                         1000-1FFF            100
        EEDATA           2100-21FF            100           2
        ENTRY            0003-0003              1           2
                         07FF-0EEF            100
                         1000-1FFF            100
        IDLOC            2000-2003              4           2
        RAM              006C-006F              4           1
                         00BE-00EF             32
                         0110-016F             60
                         0190-01EF             60
        SFR0             0000-001F             20           1
        SFR1             0080-009F             20           1
        SFR2             0100-010F             10           1
        SFR3             0180-018F             10           1
        STACK            0110-016F             60           1
        STRCODE          0003-0003              1           2
                         07FF-0EEF            6F1
                         1000-1FFF           1000
        STRING           0003-0003              1           2
                         07FF-0EEF            100
                         1000-1FFF            100

                                  Symbol Table

?___ftdiv                  cstackBANK0  002B
?___ftmul                  cstackBANK0  003B
?___ftpack                 cstackBANK0  0020
?___fttol                  cstackBANK0  004B
?___lwdiv                  cstackBANK0  0020
?___lwmod                  cstackBANK0  0027
?___lwtoft                 cstackBANK0  0028
?_adc_read                 cstackCOMMON 0075
?_sprintf                  cstackBANK0  002C
Lcd_Cmd@a                  cstackCOMMON 0076
Lcd_Port@a                 cstackCOMMON 0075
Lcd_Set_Cursor@a           cstackBANK0  0025
Lcd_Set_Cursor@b           cstackBANK0  0022
Lcd_Set_Cursor@temp        cstackBANK0  0028
Lcd_Set_Cursor@y           cstackBANK0  0027
Lcd_Set_Cursor@z           cstackBANK0  0026
Lcd_Write_Char@a           cstackBANK0  0022
Lcd_Write_Char@temp        cstackBANK0  0020
Lcd_Write_Char@y           cstackBANK0  0021
Lcd_Write_String@a         cstackBANK0  0023
Lcd_Write_String@i         cstackBANK0  0028
_ADCON0                    (abs)        001F
_ADCON1                    (abs)        009F
_ADCvalue1                 bssBANK0     005F
_ADRESH                    (abs)        001E
_ADRESL                    (abs)        009E
_BRGH                      (abs)        04C2
_CREN                      (abs)        00C4
_CheckResponse             text22       0F6C
_GIE                       (abs)        005F
_GO_nDONE                  (abs)        00FA
_ISR                       text23       0FA4
_Lcd_Clear                 text19       0F0B
_Lcd_Cmd                   text20       0F88
_Lcd_Init                  text18       060B
_Lcd_Port                  text21       0F52
_Lcd_Set_Cursor            text17       066C
_Lcd_Write_Char            text16       0778
_Lcd_Write_String          text15       06BE
_OERR                      (abs)        00C1
_PEIE                      (abs)        005E
_RB0                       (abs)        0030
_RB1                       (abs)        0031
_RB2                       (abs)        0032
_RCIE                      (abs)        0465
_RCIF                      (abs)        0065
_RCREG                     (abs)        001A
_RD2                       (abs)        0042
_RD3                       (abs)        0043
_RD4                       (abs)        0044
_RD5                       (abs)        0045
_RD6                       (abs)        0046
_RD7                       (abs)        0047
_ReadData                  text14       073D
_SPBRG                     (abs)        0099
_SPEN                      (abs)        00C7
_SYNC                      (abs)        04C4
_StartSignal               text13       07E5
_TRISA                     (abs)        0085
_TRISB2                    (abs)        0432
_TRISBbits                 (abs)        0086
_TRISC6                    (abs)        043E
_TRISC7                    (abs)        043F
_TRISD                     (abs)        0088
_TRMT                      (abs)        04C1
_TXEN                      (abs)        04C5
_TXIF                      (abs)        0064
_TXREG                     (abs)        0019
__CFG_BOREN$OFF            (abs)        0000
__CFG_CP$OFF               (abs)        0000
__CFG_CPD$OFF              (abs)        0000
__CFG_FOSC$HS              (abs)        0000
__CFG_LVP$OFF              (abs)        0000
__CFG_PWRTE$OFF            (abs)        0000
__CFG_WDTE$OFF             (abs)        0000
__CFG_WRT$OFF              (abs)        0000
__Habs1                    abs1         0000
__Hbank0                   bank0        0000
__Hbank1                   bank1        0000
__Hbank2                   bank2        0000
__Hbank3                   bank3        0000
__HbssBANK0                bssBANK0     0000
__HbssBANK1                bssBANK1     0000
__HbssCOMMON               bssCOMMON    0000
__Hcinit                   cinit        002A
__Hclrtext                 clrtext      0000
__Hcode                    code         0000
__Hcommon                  common       0000
__Hconfig                  config       2008
__HcstackBANK0             cstackBANK0  0000
__HcstackCOMMON            cstackCOMMON 0000
__Heeprom_data             eeprom_data  0000
__Hend_init                end_init     0015
__Hfunctab                 functab      0000
__Hidloc                   idloc        0000
__Hinit                    init         0012
__Hintentry                intentry     0012
__Hmaintext                maintext     0000
__Hpowerup                 powerup      0000
__Hram                     ram          0000
__Hreset_vec               reset_vec    0003
__Hsfr0                    sfr0         0000
__Hsfr1                    sfr1         0000
__Hsfr2                    sfr2         0000
__Hsfr3                    sfr3         0000
__Hspace_0                 (abs)        2008
__Hspace_1                 (abs)        00BE
__Hspace_2                 (abs)        0000
__Hspace_3                 (abs)        0000
__Hstack                   stack        0000
__Hstrings                 strings      0000
__Htext                    text         0000
__Labs1                    abs1         0000
__Lbank0                   bank0        0000
__Lbank1                   bank1        0000
__Lbank2                   bank2        0000
__Lbank3                   bank3        0000
__LbssBANK0                bssBANK0     0000
__LbssBANK1                bssBANK1     0000
__LbssCOMMON               bssCOMMON    0000
__Lcinit                   cinit        0015
__Lclrtext                 clrtext      0000
__Lcode                    code         0000
__Lcommon                  common       0000
__Lconfig                  config       2007
__LcstackBANK0             cstackBANK0  0000
__LcstackCOMMON            cstackCOMMON 0000
__Leeprom_data             eeprom_data  0000
__Lend_init                end_init     0012
__Lfunctab                 functab      0000
__Lidloc                   idloc        0000
__Linit                    init         0012
__Lintentry                intentry     0004
__Lmaintext                maintext     0000
__Lpowerup                 powerup      0000
__Lram                     ram          0000
__Lreset_vec               reset_vec    0000
__Lsfr0                    sfr0         0000
__Lsfr1                    sfr1         0000
__Lsfr2                    sfr2         0000
__Lsfr3                    sfr3         0000
__Lspace_0                 (abs)        0000
__Lspace_1                 (abs)        0000
__Lspace_2                 (abs)        0000
__Lspace_3                 (abs)        0000
__Lstack                   stack        0000
__Lstrings                 strings      0000
__Ltext                    text         0000
__S0                       (abs)        2008
__S1                       (abs)        00BE
__S2                       (abs)        0000
__S3                       (abs)        0000
___ftdiv                   text11       03D8
___ftdiv@cntr              cstackBANK0  0035
___ftdiv@exp               cstackBANK0  0039
___ftdiv@f1                cstackBANK0  002E
___ftdiv@f2                cstackBANK0  002B
___ftdiv@f3                cstackBANK0  0036
___ftdiv@sign              cstackBANK0  003A
___ftmul                   text10       0246
___ftmul@cntr              cstackBANK0  0049
___ftmul@exp               cstackBANK0  0045
___ftmul@f1                cstackBANK0  003B
___ftmul@f2                cstackBANK0  003E
___ftmul@f3_as_product     cstackBANK0  0046
___ftmul@sign              cstackBANK0  004A
___ftpack                  text12       059D
___ftpack@arg              cstackBANK0  0020
___ftpack@exp              cstackBANK0  0023
___ftpack@sign             cstackBANK0  0024
___fttol                   text9        0490
___fttol@exp1              cstackBANK0  0058
___fttol@f1                cstackBANK0  004B
___fttol@lval              cstackBANK0  0054
___fttol@sign1             cstackBANK0  0053
___int_sp                  stack        0000
___latbits                 (abs)        0002
___lwdiv                   text5        06FF
___lwdiv@counter           cstackBANK0  0024
___lwdiv@dividend          cstackBANK0  0022
___lwdiv@divisor           cstackBANK0  0020
___lwdiv@quotient          cstackBANK0  0025
___lwmod                   text4        07B1
___lwmod@counter           cstackBANK0  002B
___lwmod@dividend          cstackBANK0  0029
___lwmod@divisor           cstackBANK0  0027
___lwtoft                  text8        0F22
___lwtoft@c                cstackBANK0  0028
___sp                      stack        0000
__end_of_CheckResponse     text22       0F88
__end_of_ISR               text23       0FCF
__end_of_Lcd_Clear         text19       0F16
__end_of_Lcd_Cmd           text20       0FA4
__end_of_Lcd_Init          text18       066C
__end_of_Lcd_Port          text21       0F6C
__end_of_Lcd_Set_Cursor    text17       06BE
__end_of_Lcd_Write_Char    text16       07B1
__end_of_Lcd_Write_String  text15       06FF
__end_of_ReadData          text14       0778
__end_of_StartSignal       text13       07FF
__end_of___ftdiv           text11       0490
__end_of___ftmul           text10       0319
__end_of___ftpack          text12       060B
__end_of___fttol           text9        051E
__end_of___lwdiv           text5        073D
__end_of___lwmod           text4        07E5
__end_of___lwtoft          text8        0F3A
__end_of__initialization   cinit        0026
__end_of__stringtab        strings      052E
__end_of_adc_init          text7        0F01
__end_of_adc_read          text6        1000
__end_of_dpowers           strings      0538
__end_of_main              maintext     0246
__end_of_sprintf           text3        03D8
__end_of_uart_init         text2        0F52
__end_of_uart_rx           text24       0F0B
__end_of_uart_txc          text1        0F22
__initialization           cinit        0015
__pbssBANK0                bssBANK0     005F
__pbssBANK1                bssBANK1     00A0
__pbssCOMMON               bssCOMMON    0077
__pcstackBANK0             cstackBANK0  0020
__pcstackCOMMON            cstackCOMMON 0070
__pintentry                intentry     0004
__pmaintext                maintext     002A
__pstrings                 strings      051E
__ptext1                   text1        0F16
__ptext10                  text10       0246
__ptext11                  text11       03D8
__ptext12                  text12       059D
__ptext13                  text13       07E5
__ptext14                  text14       073D
__ptext15                  text15       06BE
__ptext16                  text16       0778
__ptext17                  text17       066C
__ptext18                  text18       060B
__ptext19                  text19       0F0B
__ptext2                   text2        0F3A
__ptext20                  text20       0F88
__ptext21                  text21       0F52
__ptext22                  text22       0F6C
__ptext23                  text23       0FA4
__ptext24                  text24       0F01
__ptext3                   text3        0319
__ptext4                   text4        07B1
__ptext5                   text5        06FF
__ptext6                   text6        0FCF
__ptext7                   text7        0EF8
__ptext8                   text8        0F22
__ptext9                   text9        0490
__size_of_CheckResponse    (abs)        0000
__size_of_ISR              (abs)        0000
__size_of_Lcd_Clear        (abs)        0000
__size_of_Lcd_Cmd          (abs)        0000
__size_of_Lcd_Init         (abs)        0000
__size_of_Lcd_Port         (abs)        0000
__size_of_Lcd_Set_Cursor   (abs)        0000
__size_of_Lcd_Write_Char   (abs)        0000
__size_of_Lcd_Write_String (abs)        0000
__size_of_ReadData         (abs)        0000
__size_of_StartSignal      (abs)        0000
__size_of___ftdiv          (abs)        0000
__size_of___ftmul          (abs)        0000
__size_of___ftpack         (abs)        0000
__size_of___fttol          (abs)        0000
__size_of___lwdiv          (abs)        0000
__size_of___lwmod          (abs)        0000
__size_of___lwtoft         (abs)        0000
__size_of_adc_init         (abs)        0000
__size_of_adc_read         (abs)        0000
__size_of_main             (abs)        0000
__size_of_sprintf          (abs)        0000
__size_of_uart_init        (abs)        0000
__size_of_uart_rx          (abs)        0000
__size_of_uart_txc         (abs)        0000
__stringbase               strings      052D
__stringtab                strings      051E
_a                         bssBANK0     006B
_adc_init                  text7        0EF8
_adc_read                  text6        0FCF
_b                         bssCOMMON    0078
_dpowers                   strings      052E
_hum                       bssBANK1     00AA
_i                         bssBANK0     006A
_main                      maintext     002A
_moist                     bssBANK0     0061
_recv                      bssCOMMON    0077
_rh1                       bssBANK0     0067
_rh2                       bssBANK0     0066
_sprintf                   text3        0319
_sum                       bssBANK0     0065
_t                         bssBANK1     00B4
_t1                        bssBANK0     0069
_t2                        bssBANK0     0068
_temp                      bssBANK0     0063
_uart_init                 text2        0F3A
_uart_rx                   text24       0F01
_uart_txc                  text1        0F16
adc_read@channel           cstackBANK0  0022
btemp                      (abs)        007E
clear_ram0                 clrtext      0EF0
end_of_initialization      cinit        0026
interrupt_function         intentry     0004
intlevel0                  functab      0000
intlevel1                  functab      0000
intlevel2                  functab      0000
intlevel3                  functab      0000
intlevel4                  functab      0000
intlevel5                  functab      0000
reset_vec                  reset_vec    0000
saved_w                    (abs)        007E
sprintf@ap                 cstackBANK0  0033
sprintf@c                  cstackBANK0  0038
sprintf@f                  cstackBANK0  002C
sprintf@flag               cstackBANK0  0032
sprintf@prec               cstackBANK0  0036
sprintf@sp                 cstackBANK0  0037
sprintf@val                cstackBANK0  0034
stackhi                    (abs)        0000
stacklo                    (abs)        0000
start                      init         0012
start_initialization       cinit        0015
uart_txc@ch                cstackCOMMON 0075
wtemp0                     (abs)        007E


FUNCTION INFORMATION:

 *************** function _main *****************
 Defined at:
		line 104 in file "LIFI_agri.c"
 Parameters:    Size  Location     Type
		None
 Auto vars:     Size  Location     Type
		None
 Return value:  Size  Location     Type
                  1    wreg      void 
 Registers used:
		wreg, fsr0l, fsr0h, status,2, status,0, btemp+1, pclath, cstack
 Tracked objects:
		On entry : 
		On exit  : 
		Unchanged: 
 Data sizes:     COMMON   BANK0   BANK1   BANK3   BANK2
      Params:         0       0       0       0       0
      Locals:         0       0       0       0       0
      Temps:          0       6       0       0       0
      Totals:         0       6       0       0       0
Total ram usage:        6 bytes
 Hardware stack levels required when called:    5
 This function calls:
		_CheckResponse
		_Lcd_Clear
		_Lcd_Init
		_Lcd_Set_Cursor
		_Lcd_Write_String
		_ReadData
		_StartSignal
		___ftdiv
		___ftmul
		___fttol
		___lwtoft
		_adc_init
		_adc_read
		_sprintf
		_uart_init
		_uart_txc
 This function is called by:
		Startup code after reset
 This function uses a non-reentrant model


 *************** function _uart_txc *****************
 Defined at:
		line 40 in file "LIFI_agri.c"
 Parameters:    Size  Location     Type
  ch              1    wreg     unsigned char 
 Auto vars:     Size  Location     Type
  ch              1    5[COMMON] unsigned char 
 Return value:  Size  Location     Type
                  1    wreg      void 
 Registers used:
		wreg
 Tracked objects:
		On entry : 
		On exit  : 
		Unchanged: 
 Data sizes:     COMMON   BANK0   BANK1   BANK3   BANK2
      Params:         0       0       0       0       0
      Locals:         1       0       0       0       0
      Temps:          0       0       0       0       0
      Totals:         1       0       0       0       0
Total ram usage:        1 bytes
 Hardware stack levels used:    1
 Hardware stack levels required when called:    2
 This function calls:
		Nothing
 This function is called by:
		_main
		_uart_txs
 This function uses a non-reentrant model


 *************** function _uart_init *****************
 Defined at:
		line 28 in file "LIFI_agri.c"
 Parameters:    Size  Location     Type
		None
 Auto vars:     Size  Location     Type
		None
 Return value:  Size  Location     Type
                  1    wreg      void 
 Registers used:
		wreg
 Tracked objects:
		On entry : 
		On exit  : 
		Unchanged: 
 Data sizes:     COMMON   BANK0   BANK1   BANK3   BANK2
      Params:         0       0       0       0       0
      Locals:         0       0       0       0       0
      Temps:          0       0       0       0       0
      Totals:         0       0       0       0       0
Total ram usage:        0 bytes
 Hardware stack levels used:    1
 Hardware stack levels required when called:    2
 This function calls:
		Nothing
 This function is called by:
		_main
 This function uses a non-reentrant model


 *************** function _sprintf *****************
 Defined at:
		line 492 in file "C:\Program Files (x86)\Microchip\xc8\v1.42\sources\common\doprnt.c"
 Parameters:    Size  Location     Type
  sp              1    wreg     PTR unsigned char 
		 -> hum(10), t(10), 
  f               1   12[BANK0 ] PTR const unsigned char 
		 -> STR_6(9), STR_3(9), 
 Auto vars:     Size  Location     Type
  sp              1   23[BANK0 ] PTR unsigned char 
		 -> hum(10), t(10), 
  tmpval          4    0        struct .
  val             2   20[BANK0 ] unsigned int 
  cp              2    0        PTR const unsigned char 
  len             2    0        unsigned int 
  c               1   24[BANK0 ] char 
  prec            1   22[BANK0 ] char 
  ap              1   19[BANK0 ] PTR void [1]
		 -> ?_sprintf(2), 
  flag            1   18[BANK0 ] unsigned char 
 Return value:  Size  Location     Type
                  2   12[BANK0 ] int 
 Registers used:
		wreg, fsr0l, fsr0h, status,2, status,0, btemp+1, pclath, cstack
 Tracked objects:
		On entry : 
		On exit  : 
		Unchanged: 
 Data sizes:     COMMON   BANK0   BANK1   BANK3   BANK2
      Params:         0       3       0       0       0
      Locals:         0       7       0       0       0
      Temps:          0       3       0       0       0
      Totals:         0      13       0       0       0
Total ram usage:       13 bytes
 Hardware stack levels used:    1
 Hardware stack levels required when called:    3
 This function calls:
		___lwdiv
		___lwmod
 This function is called by:
		_main
 This function uses a non-reentrant model


 *************** function ___lwmod *****************
 Defined at:
		line 6 in file "C:\Program Files (x86)\Microchip\xc8\v1.42\sources\common\lwmod.c"
 Parameters:    Size  Location     Type
  divisor         2    7[BANK0 ] unsigned int 
  dividend        2    9[BANK0 ] unsigned int 
 Auto vars:     Size  Location     Type
  counter         1   11[BANK0 ] unsigned char 
 Return value:  Size  Location     Type
                  2    7[BANK0 ] unsigned int 
 Registers used:
		wreg, status,2, status,0
 Tracked objects:
		On entry : 
		On exit  : 
		Unchanged: 
 Data sizes:     COMMON   BANK0   BANK1   BANK3   BANK2
      Params:         0       4       0       0       0
      Locals:         0       1       0       0       0
      Temps:          1       0       0       0       0
      Totals:         1       5       0       0       0
Total ram usage:        6 bytes
 Hardware stack levels used:    1
 Hardware stack levels required when called:    2
 This function calls:
		Nothing
 This function is called by:
		_sprintf
 This function uses a non-reentrant model


 *************** function ___lwdiv *****************
 Defined at:
		line 6 in file "C:\Program Files (x86)\Microchip\xc8\v1.42\sources\common\lwdiv.c"
 Parameters:    Size  Location     Type
  divisor         2    0[BANK0 ] unsigned int 
  dividend        2    2[BANK0 ] unsigned int 
 Auto vars:     Size  Location     Type
  quotient        2    5[BANK0 ] unsigned int 
  counter         1    4[BANK0 ] unsigned char 
 Return value:  Size  Location     Type
                  2    0[BANK0 ] unsigned int 
 Registers used:
		wreg, status,2, status,0
 Tracked objects:
		On entry : 
		On exit  : 
		Unchanged: 
 Data sizes:     COMMON   BANK0   BANK1   BANK3   BANK2
      Params:         0       4       0       0       0
      Locals:         0       3       0       0       0
      Temps:          1       0       0       0       0
      Totals:         1       7       0       0       0
Total ram usage:        8 bytes
 Hardware stack levels used:    1
 Hardware stack levels required when called:    2
 This function calls:
		Nothing
 This function is called by:
		_sprintf
 This function uses a non-reentrant model


 *************** function _adc_read *****************
 Defined at:
		line 93 in file "LIFI_agri.c"
 Parameters:    Size  Location     Type
  channel         1    wreg     unsigned char 
 Auto vars:     Size  Location     Type
  channel         1    2[BANK0 ] unsigned char 
 Return value:  Size  Location     Type
                  2    5[COMMON] unsigned int 
 Registers used:
		wreg, status,2, status,0
 Tracked objects:
		On entry : 
		On exit  : 
		Unchanged: 
 Data sizes:     COMMON   BANK0   BANK1   BANK3   BANK2
      Params:         2       0       0       0       0
      Locals:         0       1       0       0       0
      Temps:          0       2       0       0       0
      Totals:         2       3       0       0       0
Total ram usage:        5 bytes
 Hardware stack levels used:    1
 Hardware stack levels required when called:    2
 This function calls:
		Nothing
 This function is called by:
		_main
 This function uses a non-reentrant model


 *************** function _adc_init *****************
 Defined at:
		line 89 in file "LIFI_agri.c"
 Parameters:    Size  Location     Type
		None
 Auto vars:     Size  Location     Type
		None
 Return value:  Size  Location     Type
                  1    wreg      void 
 Registers used:
		wreg
 Tracked objects:
		On entry : 
		On exit  : 
		Unchanged: 
 Data sizes:     COMMON   BANK0   BANK1   BANK3   BANK2
      Params:         0       0       0       0       0
      Locals:         0       0       0       0       0
      Temps:          0       0       0       0       0
      Totals:         0       0       0       0       0
Total ram usage:        0 bytes
 Hardware stack levels used:    1
 Hardware stack levels required when called:    2
 This function calls:
		Nothing
 This function is called by:
		_main
 This function uses a non-reentrant model


 *************** function ___lwtoft *****************
 Defined at:
		line 28 in file "C:\Program Files (x86)\Microchip\xc8\v1.42\sources\common\lwtoft.c"
 Parameters:    Size  Location     Type
  c               2    8[BANK0 ] unsigned int 
 Auto vars:     Size  Location     Type
		None
 Return value:  Size  Location     Type
                  3    8[BANK0 ] float 
 Registers used:
		wreg, status,2, status,0, pclath, cstack
 Tracked objects:
		On entry : 
		On exit  : 
		Unchanged: 
 Data sizes:     COMMON   BANK0   BANK1   BANK3   BANK2
      Params:         0       3       0       0       0
      Locals:         0       0       0       0       0
      Temps:          1       0       0       0       0
      Totals:         1       3       0       0       0
Total ram usage:        4 bytes
 Hardware stack levels used:    1
 Hardware stack levels required when called:    3
 This function calls:
		___ftpack
 This function is called by:
		_main
 This function uses a non-reentrant model


 *************** function ___fttol *****************
 Defined at:
		line 44 in file "C:\Program Files (x86)\Microchip\xc8\v1.42\sources\common\fttol.c"
 Parameters:    Size  Location     Type
  f1              3   43[BANK0 ] float 
 Auto vars:     Size  Location     Type
  lval            4   52[BANK0 ] unsigned long 
  exp1            1   56[BANK0 ] unsigned char 
  sign1           1   51[BANK0 ] unsigned char 
 Return value:  Size  Location     Type
                  4   43[BANK0 ] long 
 Registers used:
		wreg, status,2, status,0
 Tracked objects:
		On entry : 
		On exit  : 
		Unchanged: 
 Data sizes:     COMMON   BANK0   BANK1   BANK3   BANK2
      Params:         0       4       0       0       0
      Locals:         0       6       0       0       0
      Temps:          0       4       0       0       0
      Totals:         0      14       0       0       0
Total ram usage:       14 bytes
 Hardware stack levels used:    1
 Hardware stack levels required when called:    2
 This function calls:
		Nothing
 This function is called by:
		_main
 This function uses a non-reentrant model


 *************** function ___ftmul *****************
 Defined at:
		line 62 in file "C:\Program Files (x86)\Microchip\xc8\v1.42\sources\common\ftmul.c"
 Parameters:    Size  Location     Type
  f1              3   27[BANK0 ] float 
  f2              3   30[BANK0 ] float 
 Auto vars:     Size  Location     Type
  f3_as_produc    3   38[BANK0 ] unsigned um
  sign            1   42[BANK0 ] unsigned char 
  cntr            1   41[BANK0 ] unsigned char 
  exp             1   37[BANK0 ] unsigned char 
 Return value:  Size  Location     Type
                  3   27[BANK0 ] float 
 Registers used:
		wreg, status,2, status,0, pclath, cstack
 Tracked objects:
		On entry : 
		On exit  : 
		Unchanged: 
 Data sizes:     COMMON   BANK0   BANK1   BANK3   BANK2
      Params:         0       6       0       0       0
      Locals:         0       6       0       0       0
      Temps:          0       4       0       0       0
      Totals:         0      16       0       0       0
Total ram usage:       16 bytes
 Hardware stack levels used:    1
 Hardware stack levels required when called:    3
 This function calls:
		___ftpack
 This function is called by:
		_main
 This function uses a non-reentrant model


 *************** function ___ftdiv *****************
 Defined at:
		line 56 in file "C:\Program Files (x86)\Microchip\xc8\v1.42\sources\common\ftdiv.c"
 Parameters:    Size  Location     Type
  f2              3   11[BANK0 ] float 
  f1              3   14[BANK0 ] float 
 Auto vars:     Size  Location     Type
  f3              3   22[BANK0 ] float 
  sign            1   26[BANK0 ] unsigned char 
  exp             1   25[BANK0 ] unsigned char 
  cntr            1   21[BANK0 ] unsigned char 
 Return value:  Size  Location     Type
                  3   11[BANK0 ] float 
 Registers used:
		wreg, status,2, status,0, pclath, cstack
 Tracked objects:
		On entry : 
		On exit  : 
		Unchanged: 
 Data sizes:     COMMON   BANK0   BANK1   BANK3   BANK2
      Params:         0       6       0       0       0
      Locals:         0       6       0       0       0
      Temps:          0       4       0       0       0
      Totals:         0      16       0       0       0
Total ram usage:       16 bytes
 Hardware stack levels used:    1
 Hardware stack levels required when called:    3
 This function calls:
		___ftpack
 This function is called by:
		_main
 This function uses a non-reentrant model


 *************** function ___ftpack *****************
 Defined at:
		line 62 in file "C:\Program Files (x86)\Microchip\xc8\v1.42\sources\common\float.c"
 Parameters:    Size  Location     Type
  arg             3    0[BANK0 ] unsigned um
  exp             1    3[BANK0 ] unsigned char 
  sign            1    4[BANK0 ] unsigned char 
 Auto vars:     Size  Location     Type
		None
 Return value:  Size  Location     Type
                  3    0[BANK0 ] float 
 Registers used:
		wreg, status,2, status,0
 Tracked objects:
		On entry : 
		On exit  : 
		Unchanged: 
 Data sizes:     COMMON   BANK0   BANK1   BANK3   BANK2
      Params:         0       5       0       0       0
      Locals:         0       0       0       0       0
      Temps:          0       3       0       0       0
      Totals:         0       8       0       0       0
Total ram usage:        8 bytes
 Hardware stack levels used:    1
 Hardware stack levels required when called:    2
 This function calls:
		Nothing
 This function is called by:
		___ftdiv
		___ftmul
		___lwtoft
 This function uses a non-reentrant model


 *************** function _StartSignal *****************
 Defined at:
		line 59 in file "LIFI_agri.c"
 Parameters:    Size  Location     Type
		None
 Auto vars:     Size  Location     Type
		None
 Return value:  Size  Location     Type
                  1    wreg      void 
 Registers used:
		wreg
 Tracked objects:
		On entry : 
		On exit  : 
		Unchanged: 
 Data sizes:     COMMON   BANK0   BANK1   BANK3   BANK2
      Params:         0       0       0       0       0
      Locals:         0       0       0       0       0
      Temps:          2       0       0       0       0
      Totals:         2       0       0       0       0
Total ram usage:        2 bytes
 Hardware stack levels used:    1
 Hardware stack levels required when called:    2
 This function calls:
		Nothing
 This function is called by:
		_main
 This function uses a non-reentrant model


 *************** function _ReadData *****************
 Defined at:
		line 77 in file "LIFI_agri.c"
 Parameters:    Size  Location     Type
		None
 Auto vars:     Size  Location     Type
		None
 Return value:  Size  Location     Type
                  1    wreg      void 
 Registers used:
		wreg, status,2, status,0
 Tracked objects:
		On entry : 
		On exit  : 
		Unchanged: 
 Data sizes:     COMMON   BANK0   BANK1   BANK3   BANK2
      Params:         0       0       0       0       0
      Locals:         0       0       0       0       0
      Temps:          2       0       0       0       0
      Totals:         2       0       0       0       0
Total ram usage:        2 bytes
 Hardware stack levels used:    1
 Hardware stack levels required when called:    2
 This function calls:
		Nothing
 This function is called by:
		_main
 This function uses a non-reentrant model


 *************** function _Lcd_Write_String *****************
 Defined at:
		line 92 in file "C:\Program Files (x86)\Microchip\xc8\v1.42\include\lcd.h"
 Parameters:    Size  Location     Type
  a               2    3[BANK0 ] PTR unsigned char 
		 -> STR_8(15), STR_7(15), hum(10), STR_5(10), 
		 -> STR_4(9), t(10), STR_2(17), STR_1(17), 
 Auto vars:     Size  Location     Type
  i               2    8[BANK0 ] int 
 Return value:  Size  Location     Type
                  1    wreg      void 
 Registers used:
		wreg, fsr0l, fsr0h, status,2, status,0, btemp+1, pclath, cstack
 Tracked objects:
		On entry : 
		On exit  : 
		Unchanged: 
 Data sizes:     COMMON   BANK0   BANK1   BANK3   BANK2
      Params:         0       2       0       0       0
      Locals:         0       2       0       0       0
      Temps:          0       3       0       0       0
      Totals:         0       7       0       0       0
Total ram usage:        7 bytes
 Hardware stack levels used:    1
 Hardware stack levels required when called:    4
 This function calls:
		_Lcd_Write_Char
 This function is called by:
		_main
 This function uses a non-reentrant model


 *************** function _Lcd_Write_Char *****************
 Defined at:
		line 76 in file "C:\Program Files (x86)\Microchip\xc8\v1.42\include\lcd.h"
 Parameters:    Size  Location     Type
  a               1    wreg     unsigned char 
 Auto vars:     Size  Location     Type
  a               1    2[BANK0 ] unsigned char 
  y               1    1[BANK0 ] unsigned char 
  temp            1    0[BANK0 ] unsigned char 
 Return value:  Size  Location     Type
                  1    wreg      void 
 Registers used:
		wreg, status,2, status,0, pclath, cstack
 Tracked objects:
		On entry : 
		On exit  : 
		Unchanged: 
 Data sizes:     COMMON   BANK0   BANK1   BANK3   BANK2
      Params:         0       0       0       0       0
      Locals:         0       3       0       0       0
      Temps:          1       0       0       0       0
      Totals:         1       3       0       0       0
Total ram usage:        4 bytes
 Hardware stack levels used:    1
 Hardware stack levels required when called:    3
 This function calls:
		_Lcd_Port
 This function is called by:
		_Lcd_Write_String
 This function uses a non-reentrant model


 *************** function _Lcd_Set_Cursor *****************
 Defined at:
		line 37 in file "C:\Program Files (x86)\Microchip\xc8\v1.42\include\lcd.h"
 Parameters:    Size  Location     Type
  a               1    wreg     unsigned char 
  b               1    2[BANK0 ] unsigned char 
 Auto vars:     Size  Location     Type
  a               1    5[BANK0 ] unsigned char 
  temp            1    8[BANK0 ] unsigned char 
  y               1    7[BANK0 ] unsigned char 
  z               1    6[BANK0 ] unsigned char 
 Return value:  Size  Location     Type
                  1    wreg      void 
 Registers used:
		wreg, status,2, status,0, pclath, cstack
 Tracked objects:
		On entry : 
		On exit  : 
		Unchanged: 
 Data sizes:     COMMON   BANK0   BANK1   BANK3   BANK2
      Params:         0       1       0       0       0
      Locals:         0       4       0       0       0
      Temps:          0       2       0       0       0
      Totals:         0       7       0       0       0
Total ram usage:        7 bytes
 Hardware stack levels used:    1
 Hardware stack levels required when called:    4
 This function calls:
		_Lcd_Cmd
 This function is called by:
		_main
 This function uses a non-reentrant model


 *************** function _Lcd_Init *****************
 Defined at:
		line 58 in file "C:\Program Files (x86)\Microchip\xc8\v1.42\include\lcd.h"
 Parameters:    Size  Location     Type
		None
 Auto vars:     Size  Location     Type
		None
 Return value:  Size  Location     Type
                  1    wreg      void 
 Registers used:
		wreg, status,2, status,0, pclath, cstack
 Tracked objects:
		On entry : 
		On exit  : 
		Unchanged: 
 Data sizes:     COMMON   BANK0   BANK1   BANK3   BANK2
      Params:         0       0       0       0       0
      Locals:         0       0       0       0       0
      Temps:          0       2       0       0       0
      Totals:         0       2       0       0       0
Total ram usage:        2 bytes
 Hardware stack levels used:    1
 Hardware stack levels required when called:    4
 This function calls:
		_Lcd_Cmd
		_Lcd_Port
 This function is called by:
		_main
 This function uses a non-reentrant model


 *************** function _Lcd_Clear *****************
 Defined at:
		line 31 in file "C:\Program Files (x86)\Microchip\xc8\v1.42\include\lcd.h"
 Parameters:    Size  Location     Type
		None
 Auto vars:     Size  Location     Type
		None
 Return value:  Size  Location     Type
                  2   90[None  ] int 
 Registers used:
		wreg, status,2, status,0, pclath, cstack
 Tracked objects:
		On entry : 
		On exit  : 
		Unchanged: 
 Data sizes:     COMMON   BANK0   BANK1   BANK3   BANK2
      Params:         0       0       0       0       0
      Locals:         0       0       0       0       0
      Temps:          0       0       0       0       0
      Totals:         0       0       0       0       0
Total ram usage:        0 bytes
 Hardware stack levels used:    1
 Hardware stack levels required when called:    4
 This function calls:
		_Lcd_Cmd
 This function is called by:
		_main
 This function uses a non-reentrant model


 *************** function _Lcd_Cmd *****************
 Defined at:
		line 22 in file "C:\Program Files (x86)\Microchip\xc8\v1.42\include\lcd.h"
 Parameters:    Size  Location     Type
  a               1    wreg     unsigned char 
 Auto vars:     Size  Location     Type
  a               1    6[COMMON] unsigned char 
 Return value:  Size  Location     Type
                  1    wreg      void 
 Registers used:
		wreg, status,2, status,0, pclath, cstack
 Tracked objects:
		On entry : 
		On exit  : 
		Unchanged: 
 Data sizes:     COMMON   BANK0   BANK1   BANK3   BANK2
      Params:         0       0       0       0       0
      Locals:         1       0       0       0       0
      Temps:          0       2       0       0       0
      Totals:         1       2       0       0       0
Total ram usage:        3 bytes
 Hardware stack levels used:    1
 Hardware stack levels required when called:    3
 This function calls:
		_Lcd_Port
 This function is called by:
		_Lcd_Clear
		_Lcd_Set_Cursor
		_Lcd_Init
 This function uses a non-reentrant model


 *************** function _Lcd_Port *****************
 Defined at:
		line 1 in file "C:\Program Files (x86)\Microchip\xc8\v1.42\include\lcd.h"
 Parameters:    Size  Location     Type
  a               1    wreg     unsigned char 
 Auto vars:     Size  Location     Type
  a               1    5[COMMON] unsigned char 
 Return value:  Size  Location     Type
                  1    wreg      void 
 Registers used:
		wreg
 Tracked objects:
		On entry : 
		On exit  : 
		Unchanged: 
 Data sizes:     COMMON   BANK0   BANK1   BANK3   BANK2
      Params:         0       0       0       0       0
      Locals:         1       0       0       0       0
      Temps:          0       0       0       0       0
      Totals:         1       0       0       0       0
Total ram usage:        1 bytes
 Hardware stack levels used:    1
 Hardware stack levels required when called:    2
 This function calls:
		Nothing
 This function is called by:
		_Lcd_Cmd
		_Lcd_Init
		_Lcd_Write_Char
 This function uses a non-reentrant model


 *************** function _CheckResponse *****************
 Defined at:
		line 67 in file "LIFI_agri.c"
 Parameters:    Size  Location     Type
		None
 Auto vars:     Size  Location     Type
		None
 Return value:  Size  Location     Type
                  1    wreg      void 
 Registers used:
		wreg, status,2
 Tracked objects:
		On entry : 
		On exit  : 
		Unchanged: 
 Data sizes:     COMMON   BANK0   BANK1   BANK3   BANK2
      Params:         0       0       0       0       0
      Locals:         0       0       0       0       0
      Temps:          1       0       0       0       0
      Totals:         1       0       0       0       0
Total ram usage:        1 bytes
 Hardware stack levels used:    1
 Hardware stack levels required when called:    2
 This function calls:
		Nothing
 This function is called by:
		_main
 This function uses a non-reentrant model


 *************** function _ISR *****************
 Defined at:
		line 180 in file "LIFI_agri.c"
 Parameters:    Size  Location     Type
		None
 Auto vars:     Size  Location     Type
		None
 Return value:  Size  Location     Type
                  1    wreg      void 
 Registers used:
		wreg, fsr0l, fsr0h, status,2, status,0, pclath, cstack
 Tracked objects:
		On entry : 
		On exit  : 
		Unchanged: 
 Data sizes:     COMMON   BANK0   BANK1   BANK3   BANK2
      Params:         0       0       0       0       0
      Locals:         0       0       0       0       0
      Temps:          5       0       0       0       0
      Totals:         5       0       0       0       0
Total ram usage:        5 bytes
 Hardware stack levels used:    1
 Hardware stack levels required when called:    1
 This function calls:
		_uart_rx
 This function is called by:
		Interrupt level 1
 This function uses a non-reentrant model


 *************** function _uart_rx *****************
 Defined at:
		line 49 in file "LIFI_agri.c"
 Parameters:    Size  Location     Type
		None
 Auto vars:     Size  Location     Type
		None
 Return value:  Size  Location     Type
                  1    wreg      unsigned char 
 Registers used:
		wreg
 Tracked objects:
		On entry : 
		On exit  : 
		Unchanged: 
 Data sizes:     COMMON   BANK0   BANK1   BANK3   BANK2
      Params:         0       0       0       0       0
      Locals:         0       0       0       0       0
      Temps:          0       0       0       0       0
      Totals:         0       0       0       0       0
Total ram usage:        0 bytes
 Hardware stack levels used:    1
 This function calls:
		Nothing
 This function is called by:
		_ISR
 This function uses a non-reentrant model



MODULE INFORMATION

Module		Function		Class		Link	Load	Size
C:\Program Files (x86)\Microchip\xc8\v1.42\sources\common\ftmul.c
		___ftmul       		CODE           	0246	0000	212

C:\Program Files (x86)\Microchip\xc8\v1.42\sources\common\ftmul.c estimated size: 212

C:\Program Files (x86)\Microchip\xc8\v1.42\sources\common\ftdiv.c
		___ftdiv       		CODE           	03D8	0000	185

C:\Program Files (x86)\Microchip\xc8\v1.42\sources\common\ftdiv.c estimated size: 185

C:\Program Files (x86)\Microchip\xc8\v1.42\include\lcd.h
		_Lcd_Write_String		CODE           	06BE	0000	66
		_Lcd_Init      		CODE           	060B	0000	98
		_Lcd_Write_Char		CODE           	0778	0000	58
		_Lcd_Cmd       		CODE           	0F88	0000	29
		_Lcd_Set_Cursor		CODE           	066C	0000	83
		_Lcd_Clear     		CODE           	0F0B	0000	12
		_Lcd_Port      		CODE           	0F52	0000	27

C:\Program Files (x86)\Microchip\xc8\v1.42\include\lcd.h estimated size: 373

C:\Program Files (x86)\Microchip\xc8\v1.42\sources\common\lwdiv.c
		___lwdiv       		CODE           	06FF	0000	63

C:\Program Files (x86)\Microchip\xc8\v1.42\sources\common\lwdiv.c estimated size: 63

C:\Program Files (x86)\Microchip\xc8\v1.42\sources\common\fttol.c
		___fttol       		CODE           	0490	0000	143

C:\Program Files (x86)\Microchip\xc8\v1.42\sources\common\fttol.c estimated size: 143

LIFI_agri.c
		_uart_txc      		CODE           	0F16	0000	13
		_CheckResponse 		CODE           	0F6C	0000	29
		_ISR           		CODE           	0FA4	0000	44
		_StartSignal   		CODE           	07E5	0000	27
		_main          		CODE           	002A	0000	541
		_uart_rx       		CODE           	0F01	0000	11
		_uart_init     		CODE           	0F3A	0000	25
		_ReadData      		CODE           	073D	0000	60
		_adc_read      		CODE           	0FCF	0000	50
		_adc_init      		CODE           	0EF8	0000	10

LIFI_agri.c estimated size: 810

C:\Program Files (x86)\Microchip\xc8\v1.42\sources\common\lwtoft.c
		___lwtoft      		CODE           	0F22	0000	25

C:\Program Files (x86)\Microchip\xc8\v1.42\sources\common\lwtoft.c estimated size: 25

shared
		__stringtab    		STRING         	051E	0000	17
		_dpowers       		STRING         	052E	0000	11
		__initialization		CODE           	0015	0000	18

shared estimated size: 46

C:\Program Files (x86)\Microchip\xc8\v1.42\sources\common\float.c
		___ftpack      		CODE           	059D	0000	111

C:\Program Files (x86)\Microchip\xc8\v1.42\sources\common\float.c estimated size: 111

C:\Program Files (x86)\Microchip\xc8\v1.42\sources\common\lwmod.c
		___lwmod       		CODE           	07B1	0000	53

C:\Program Files (x86)\Microchip\xc8\v1.42\sources\common\lwmod.c estimated size: 53

C:\Program Files (x86)\Microchip\xc8\v1.42\sources\common\doprnt.c
		_sprintf       		CODE           	0319	0000	192

C:\Program Files (x86)\Microchip\xc8\v1.42\sources\common\doprnt.c estimated size: 192

