Microchip MPLAB XC8 Compiler V1.42 ()

Linker command line:

-W-3 --edf=C:\Program Files (x86)\Microchip\xc8\v1.42\dat\en_msgs.txt -cs \
  -h+dist/default/production\FLOOD.X.production.sym \
  --cmf=dist/default/production\FLOOD.X.production.cmf -z -Q16F877A \
  -oC:\Users\SARAVA~1\AppData\Local\Temp\s94s.2 \
  -Mdist/default/production/FLOOD.X.production.map -E1 -ver=XC8 \
  -ASTACK=0110h-016fh -pstack=STACK -ACODE=00h-07FFhx4 -ASTRCODE=00h-01FFFh \
  -ASTRING=00h-0FFhx32 -ACONST=00h-0FFhx32 -AENTRY=00h-0FFhx32 \
  -ACOMMON=070h-07Fh -ABANK0=020h-06Fh -ABANK1=0A0h-0EFh \
  -ABANK2=0110h-016Fh -ABANK3=0190h-01EFh \
  -ARAM=020h-06Fh,0A0h-0EFh,0110h-016Fh,0190h-01EFh \
  -AABS1=020h-07Fh,0A0h-0EFh,0110h-016Fh,0190h-01EFh -ASFR0=00h-01Fh \
  -ASFR1=080h-09Fh -ASFR2=0100h-010Fh -ASFR3=0180h-018Fh \
  -preset_vec=00h,intentry,init,end_init -ppowerup=CODE -pcinit=CODE \
  -pfunctab=CODE -ACONFIG=02007h-02007h -pconfig=CONFIG -DCONFIG=2 \
  -AIDLOC=02000h-02003h -pidloc=IDLOC -DIDLOC=2 -AEEDATA=00h-0FFh/02100h \
  -peeprom_data=EEDATA -DEEDATA=2 -DCODE=2 -DSTRCODE=2 -DSTRING=2 -DCONST=2 \
  -DENTRY=2 -k C:\Users\SARAVA~1\AppData\Local\Temp\s94s.obj \
  dist/default/production\FLOOD.X.production.obj 

Object code version is 3.11

Machine type is 16F877A



                Name                               Link     Load   Length Selector   Space Scale
C:\Users\SARAVA~1\AppData\Local\Temp\s94s.obj
                end_init                              0        0        3        0       0
                config                             2007     2007        1     400E       0
dist/default/production\FLOOD.X.production.obj
                cinit                               7D5      7D5       2B      FAA       0
                text18                              3C4      3C4       1A      788       0
                text17                              3DE      3DE       1A      7BC       0
                text16                              376      376        B      6EC       0
                text15                              5AB      5AB       5C      B56       0
                text14                              561      561       4A      AC2       0
                text13                              4EB      4EB       39      9D6       0
                text12                              524      524       3D      A48       0
                text11                              381      381        C      702       0
                text10                              358      358        5      6B0       0
                text9                               413      413       23      826       0
                text8                               3B0      3B0       14      760       0
                text7                               45E      45E       2D      8BC       0
                text6                               48B      48B       30      916       0
                text5                               35D      35D        8      6BA       0
                text4                               36D      36D        9      6DA       0
                text3                               4BB      4BB       30      976       0
                text2                               3F8      3F8       1B      7F0       0
                text1                               39E      39E       12      73C       0
                maintext                            607      607      1CE      C0E       0
                cstackBANK0                          5A       5A        7       20       1
                cstackCOMMON                         70       70        C       70       1
                clrtext                             365      365        8      6CA       0
                inittext                            38D      38D       11      71A       0
                bssBANK3                            190      190       32      190       1
                bssBANK1                             A0       A0       32       A0       1
                dataBANK0                            20       20       28       20       1
                bssBANK0                             48       48       12       20       1
                bssCOMMON                            7C       7C        1       70       1
                stringtext                          800      800      112       10       0
                strings                               3        3       12        6       0
                idataBANK0                          436      436       28      86C       0

TOTAL           Name                               Link     Load   Length     Space
        CLASS   STACK          

        CLASS   CODE           
                end_init                              0        0        3         0
                cinit                               7D5      7D5       2B         0
                text18                              3C4      3C4       1A         0
                text17                              3DE      3DE       1A         0
                text16                              376      376        B         0
                text15                              5AB      5AB       5C         0
                text14                              561      561       4A         0
                text13                              4EB      4EB       39         0
                text12                              524      524       3D         0
                text11                              381      381        C         0
                text10                              358      358        5         0
                text9                               413      413       23         0
                text8                               3B0      3B0       14         0
                text7                               45E      45E       2D         0
                text6                               48B      48B       30         0
                text5                               35D      35D        8         0
                text4                               36D      36D        9         0
                text3                               4BB      4BB       30         0
                text2                               3F8      3F8       1B         0
                text1                               39E      39E       12         0
                maintext                            607      607      1CE         0
                clrtext                             365      365        8         0
                inittext                            38D      38D       11         0
                idataBANK0                          436      436       28         0

        CLASS   STRCODE        
                stringtext                          800      800      112         0

        CLASS   STRING         
                strings                               3        3       12         0

        CLASS   CONST          

        CLASS   ENTRY          

        CLASS   COMMON         
                cstackCOMMON                         70       70        C         1
                bssCOMMON                            7C       7C        1         1

        CLASS   BANK0          
                cstackBANK0                          5A       5A        7         1
                dataBANK0                            20       20       28         1
                bssBANK0                             48       48       12         1

        CLASS   BANK1          
                bssBANK1                             A0       A0       32         1

        CLASS   BANK2          

        CLASS   BANK3          
                bssBANK3                            190      190       32         1

        CLASS   RAM            

        CLASS   ABS1           
                abs_s1                               7E       7E        2         1

        CLASS   SFR0           

        CLASS   SFR1           

        CLASS   SFR2           

        CLASS   SFR3           

        CLASS   CONFIG         
                config                             2007     2007        1         0

        CLASS   IDLOC          

        CLASS   EEDATA         



SEGMENTS        Name                           Load    Length   Top    Selector   Space  Class     Delta

                reset_vec                      000000  000003  000003         0       0  CODE        2
                strings                        000003  000012  000015         6       0  STRING      2
                dataBANK0                      000020  000041  000061        20       1  BANK0       1
                cstackCOMMON                   000070  00000D  00007D        70       1  COMMON      1
                bssBANK1                       0000A0  000032  0000D2        A0       1  BANK1       1
                bssBANK3                       000190  000032  0001C2       190       1  BANK3       1
                text10                         000358  000005  00035D       6B0       0  CODE        2
                text5                          00035D  000008  000365       6BA       0  CODE        2
                clrtext                        000365  000008  00036D       6CA       0  CODE        2
                text4                          00036D  000009  000376       6DA       0  CODE        2
                text16                         000376  00000B  000381       6EC       0  CODE        2
                text11                         000381  00000C  00038D       702       0  CODE        2
                inittext                       00038D  000011  00039E       71A       0  CODE        2
                text1                          00039E  000012  0003B0       73C       0  CODE        2
                text8                          0003B0  000014  0003C4       760       0  CODE        2
                text18                         0003C4  00001A  0003DE       788       0  CODE        2
                text17                         0003DE  00001A  0003F8       7BC       0  CODE        2
                text2                          0003F8  00001B  000413       7F0       0  CODE        2
                text9                          000413  000023  000436       826       0  CODE        2
                idataBANK0                     000436  000028  00045E       86C       0  CODE        2
                text7                          00045E  00002D  00048B       8BC       0  CODE        2
                text6                          00048B  000030  0004BB       916       0  CODE        2
                text3                          0004BB  000030  0004EB       976       0  CODE        2
                text13                         0004EB  000039  000524       9D6       0  CODE        2
                text12                         000524  00003D  000561       A48       0  CODE        2
                text14                         000561  00004A  0005AB       AC2       0  CODE        2
                text15                         0005AB  00005C  000607       B56       0  CODE        2
                maintext                       000607  0001CE  0007D5       C0E       0  CODE        2
                cinit                          0007D5  00002B  000800       FAA       0  CODE        2
                stringtext                     000800  000112  000912        10       0  STRCODE     2
                config                         002007  000001  002008      400E       0  CONFIG      2


UNUSED ADDRESS RANGES

        Name                Unused          Largest block    Delta
        BANK0            0061-006F              F           1
        BANK1            00D2-00EF             1E           1
        BANK2            0110-016F             60           1
        BANK3            01C2-01EF             2E           1
        CODE             0015-0357            343           2
                         0912-1FFF            800
        COMMON           007D-007D              1           1
        CONST            0015-0357            100           2
                         0912-1FFF            100
        EEDATA           2100-21FF            100           2
        ENTRY            0015-0357            100           2
                         0912-1FFF            100
        IDLOC            2000-2003              4           2
        RAM              0061-006F              F           1
                         00D2-00EF             1E
                         0110-016F             60
                         01C2-01EF             2E
        SFR0             0000-001F             20           1
        SFR1             0080-009F             20           1
        SFR2             0100-010F             10           1
        SFR3             0180-018F             10           1
        STACK            0110-016F             60           1
        STRCODE          0015-0357            343           2
                         0912-1FFF           16EE
        STRING           0015-0357            100           2
                         0912-1FFF            100

                                  Symbol Table

?_adc_read                     cstackCOMMON 0070
Lcd_Cmd@a                      cstackCOMMON 0073
Lcd_Port@a                     cstackCOMMON 0070
Lcd_Set_Cursor@a               cstackCOMMON 0077
Lcd_Set_Cursor@b               cstackCOMMON 0074
Lcd_Set_Cursor@temp            cstackCOMMON 007A
Lcd_Set_Cursor@y               cstackCOMMON 0079
Lcd_Set_Cursor@z               cstackCOMMON 0078
Lcd_Write_Char@a               cstackCOMMON 0074
Lcd_Write_Char@temp            cstackCOMMON 0072
Lcd_Write_Char@y               cstackCOMMON 0073
Lcd_Write_String@a             cstackCOMMON 0075
Lcd_Write_String@i             cstackCOMMON 007A
Start_message@phone_number     cstackCOMMON 0076
Type_message_content@Content   cstackCOMMON 0073
_ADCON0                        (abs)        001F
_ADCON1                        (abs)        009F
_ADRESH                        (abs)        001E
_ADRESL                        (abs)        009E
_BRGH                          (abs)        04C2
_CREN                          (abs)        00C4
_GO_nDONE                      (abs)        00FA
_Lcd_Clear                     text16       0376
_Lcd_Cmd                       text17       03DE
_Lcd_Init                      text15       05AB
_Lcd_Port                      text18       03C4
_Lcd_Set_Cursor                text14       0561
_Lcd_Write_Char                text13       04EB
_Lcd_Write_String              text12       0524
_OERR                          (abs)        00C1
_PORTB                         (abs)        0006
_RC0                           (abs)        0038
_RCIF                          (abs)        0065
_RCREG                         (abs)        001A
_RD2                           (abs)        0042
_RD3                           (abs)        0043
_RD4                           (abs)        0044
_RD5                           (abs)        0045
_RD6                           (abs)        0046
_RD7                           (abs)        0047
_SPBRG                         (abs)        0099
_SPEN                          (abs)        00C7
_SYNC                          (abs)        04C4
_Send_message                  text10       0358
_Setup_messaging               text7        045E
_Start_message                 text6        048B
_TRISA                         (abs)        0085
_TRISB                         (abs)        0086
_TRISC6                        (abs)        043E
_TRISC7                        (abs)        043F
_TRISCbits                     (abs)        0087
_TRISD                         (abs)        0088
_TRMT                          (abs)        04C1
_TXEN                          (abs)        04C5
_TXIF                          (abs)        0064
_TXREG                         (abs)        0019
_Type_message_content          text5        035D
__CFG_BOREN$OFF                (abs)        0000
__CFG_CP$OFF                   (abs)        0000
__CFG_CPD$OFF                  (abs)        0000
__CFG_FOSC$HS                  (abs)        0000
__CFG_LVP$OFF                  (abs)        0000
__CFG_PWRTE$OFF                (abs)        0000
__CFG_WDTE$OFF                 (abs)        0000
__CFG_WRT$OFF                  (abs)        0000
__Habs1                        abs1         0000
__Hbank0                       bank0        0000
__Hbank1                       bank1        0000
__Hbank2                       bank2        0000
__Hbank3                       bank3        0000
__HbssBANK0                    bssBANK0     0000
__HbssBANK1                    bssBANK1     0000
__HbssBANK3                    bssBANK3     0000
__HbssCOMMON                   bssCOMMON    0000
__Hcinit                       cinit        0800
__Hclrtext                     clrtext      0000
__Hcode                        code         0000
__Hcommon                      common       0000
__Hconfig                      config       2008
__HcstackBANK0                 cstackBANK0  0000
__HcstackCOMMON                cstackCOMMON 0000
__HdataBANK0                   dataBANK0    0000
__Heeprom_data                 eeprom_data  0000
__Hend_init                    end_init     0003
__Hfunctab                     functab      0000
__HidataBANK0                  idataBANK0   0000
__Hidloc                       idloc        0000
__Hinit                        init         0000
__Hinittext                    inittext     0000
__Hintentry                    intentry     0000
__Hmaintext                    maintext     0000
__Hpowerup                     powerup      0000
__Hram                         ram          0000
__Hreset_vec                   reset_vec    0000
__Hsfr0                        sfr0         0000
__Hsfr1                        sfr1         0000
__Hsfr2                        sfr2         0000
__Hsfr3                        sfr3         0000
__Hspace_0                     (abs)        2008
__Hspace_1                     (abs)        01C2
__Hspace_2                     (abs)        0000
__Hspace_3                     (abs)        0000
__Hstack                       stack        0000
__Hstrings                     strings      0000
__Hstringtext                  stringtext   0000
__Htext                        text         0000
__Labs1                        abs1         0000
__Lbank0                       bank0        0000
__Lbank1                       bank1        0000
__Lbank2                       bank2        0000
__Lbank3                       bank3        0000
__LbssBANK0                    bssBANK0     0000
__LbssBANK1                    bssBANK1     0000
__LbssBANK3                    bssBANK3     0000
__LbssCOMMON                   bssCOMMON    0000
__Lcinit                       cinit        07D5
__Lclrtext                     clrtext      0000
__Lcode                        code         0000
__Lcommon                      common       0000
__Lconfig                      config       2007
__LcstackBANK0                 cstackBANK0  0000
__LcstackCOMMON                cstackCOMMON 0000
__LdataBANK0                   dataBANK0    0000
__Leeprom_data                 eeprom_data  0000
__Lend_init                    end_init     0000
__Lfunctab                     functab      0000
__LidataBANK0                  idataBANK0   0000
__Lidloc                       idloc        0000
__Linit                        init         0000
__Linittext                    inittext     0000
__Lintentry                    intentry     0000
__Lmaintext                    maintext     0000
__Lpowerup                     powerup      0000
__Lram                         ram          0000
__Lreset_vec                   reset_vec    0000
__Lsfr0                        sfr0         0000
__Lsfr1                        sfr1         0000
__Lsfr2                        sfr2         0000
__Lsfr3                        sfr3         0000
__Lspace_0                     (abs)        0000
__Lspace_1                     (abs)        0000
__Lspace_2                     (abs)        0000
__Lspace_3                     (abs)        0000
__Lstack                       stack        0000
__Lstrings                     strings      0000
__Lstringtext                  stringtext   0000
__Ltext                        text         0000
__S0                           (abs)        2008
__S1                           (abs)        01C2
__S2                           (abs)        0000
__S3                           (abs)        0000
___int_sp                      stack        0000
___latbits                     (abs)        0002
___sp                          stack        0000
__end_of_Lcd_Clear             text16       0381
__end_of_Lcd_Cmd               text17       03F8
__end_of_Lcd_Init              text15       0607
__end_of_Lcd_Port              text18       03DE
__end_of_Lcd_Set_Cursor        text14       05AB
__end_of_Lcd_Write_Char        text13       0524
__end_of_Lcd_Write_String      text12       0561
__end_of_Send_message          text10       035D
__end_of_Setup_messaging       text7        048B
__end_of_Start_message         text6        04BB
__end_of_Type_message_content  text5        0365
__end_of__initialization       cinit        07FC
__end_of__stringtab            strings      0015
__end_of_adc_init              text4        0376
__end_of_adc_read              text3        04EB
__end_of_call_number           text2        0413
__end_of_main                  maintext     07D5
__end_of_serial_println        text8        03C4
__end_of_uart_init             text1        03B0
__end_of_uart_txc              text11       038D
__end_of_uart_txs              text9        0436
__initialization               cinit        07D5
__pbssBANK0                    bssBANK0     0048
__pbssBANK1                    bssBANK1     00A0
__pbssBANK3                    bssBANK3     0190
__pbssCOMMON                   bssCOMMON    007C
__pcstackBANK0                 cstackBANK0  005A
__pcstackCOMMON                cstackCOMMON 0070
__pdataBANK0                   dataBANK0    0020
__pidataBANK0                  idataBANK0   0436
__pmaintext                    maintext     0607
__pstrings                     strings      0003
__pstringtext                  stringtext   0800
__ptext1                       text1        039E
__ptext10                      text10       0358
__ptext11                      text11       0381
__ptext12                      text12       0524
__ptext13                      text13       04EB
__ptext14                      text14       0561
__ptext15                      text15       05AB
__ptext16                      text16       0376
__ptext17                      text17       03DE
__ptext18                      text18       03C4
__ptext2                       text2        03F8
__ptext3                       text3        04BB
__ptext4                       text4        036D
__ptext5                       text5        035D
__ptext6                       text6        048B
__ptext7                       text7        045E
__ptext8                       text8        03B0
__ptext9                       text9        0413
__size_of_Lcd_Clear            (abs)        0000
__size_of_Lcd_Cmd              (abs)        0000
__size_of_Lcd_Init             (abs)        0000
__size_of_Lcd_Port             (abs)        0000
__size_of_Lcd_Set_Cursor       (abs)        0000
__size_of_Lcd_Write_Char       (abs)        0000
__size_of_Lcd_Write_String     (abs)        0000
__size_of_Send_message         (abs)        0000
__size_of_Setup_messaging      (abs)        0000
__size_of_Start_message        (abs)        0000
__size_of_Type_message_content (abs)        0000
__size_of_adc_init             (abs)        0000
__size_of_adc_read             (abs)        0000
__size_of_call_number          (abs)        0000
__size_of_main                 (abs)        0000
__size_of_serial_println       (abs)        0000
__size_of_uart_init            (abs)        0000
__size_of_uart_txc             (abs)        0000
__size_of_uart_txs             (abs)        0000
__stringbase                   strings      0015
__stringtab                    strings      0003
_adc_init                      text4        036D
_adc_read                      text3        04BB
_call_number                   text2        03F8
_main                          maintext     0607
_phone_number                  dataBANK0    0034
_phone_number1                 dataBANK0    0020
_r                             bssCOMMON    007C
_serial_println                text8        03B0
_string                        bssBANK1     00A0
_uart_init                     text1        039E
_uart_txc                      text11       0381
_uart_txs                      text9        0413
adc_read@channel               cstackCOMMON 0074
btemp                          (abs)        007E
call_number@phone_number       cstackCOMMON 0075
clear_ram0                     clrtext      0365
end_of_initialization          cinit        07FC
init_fetch0                    inittext     038D
init_ram0                      inittext     0391
intlevel0                      functab      0000
intlevel1                      functab      0000
intlevel2                      functab      0000
intlevel3                      functab      0000
intlevel4                      functab      0000
intlevel5                      functab      0000
main@N1                        cstackBANK0  005F
main@N2                        cstackBANK0  005D
reset_vec                      reset_vec    0000
serial_println@buffer          cstackCOMMON 0073
stackhi                        (abs)        0000
stacklo                        (abs)        0000
start                          init         0000
start_initialization           cinit        07D5
uart_txc@ch                    cstackCOMMON 0070
uart_txs@st                    cstackCOMMON 0071
wtemp0                         (abs)        007E


FUNCTION INFORMATION:

 *************** function _main *****************
 Defined at:
		line 143 in file "flood.c"
 Parameters:    Size  Location     Type
		None
 Auto vars:     Size  Location     Type
  N1              2    5[BANK0 ] unsigned int 
  N2              2    3[BANK0 ] unsigned int 
 Return value:  Size  Location     Type
                  1    wreg      void 
 Registers used:
		wreg, fsr0l, fsr0h, status,2, status,0, btemp+1, pclath, cstack
 Tracked objects:
		On entry : 
		On exit  : 
		Unchanged: 
 Data sizes:     COMMON   BANK0   BANK1   BANK3   BANK2
      Params:         0       0       0       0       0
      Locals:         0       4       0       0       0
      Temps:          0       3       0       0       0
      Totals:         0       7       0       0       0
Total ram usage:        7 bytes
 Hardware stack levels required when called:    4
 This function calls:
		_Lcd_Clear
		_Lcd_Init
		_Lcd_Set_Cursor
		_Lcd_Write_String
		_Send_message
		_Setup_messaging
		_Start_message
		_Type_message_content
		_adc_init
		_adc_read
		_call_number
		_uart_init
 This function is called by:
		Startup code after reset
 This function uses a non-reentrant model


 *************** function _uart_init *****************
 Defined at:
		line 35 in file "flood.c"
 Parameters:    Size  Location     Type
		None
 Auto vars:     Size  Location     Type
		None
 Return value:  Size  Location     Type
                  1    wreg      void 
 Registers used:
		wreg
 Tracked objects:
		On entry : 
		On exit  : 
		Unchanged: 
 Data sizes:     COMMON   BANK0   BANK1   BANK3   BANK2
      Params:         0       0       0       0       0
      Locals:         0       0       0       0       0
      Temps:          0       0       0       0       0
      Totals:         0       0       0       0       0
Total ram usage:        0 bytes
 Hardware stack levels used:    1
 This function calls:
		Nothing
 This function is called by:
		_main
 This function uses a non-reentrant model


 *************** function _call_number *****************
 Defined at:
		line 110 in file "flood.c"
 Parameters:    Size  Location     Type
  phone_number    1    wreg     PTR unsigned char 
		 -> phone_number(20), 
 Auto vars:     Size  Location     Type
  phone_number    1    5[COMMON] PTR unsigned char 
		 -> phone_number(20), 
 Return value:  Size  Location     Type
                  1    wreg      void 
 Registers used:
		wreg, fsr0l, fsr0h, status,2, status,0, btemp+1, pclath, cstack
 Tracked objects:
		On entry : 
		On exit  : 
		Unchanged: 
 Data sizes:     COMMON   BANK0   BANK1   BANK3   BANK2
      Params:         0       0       0       0       0
      Locals:         1       0       0       0       0
      Temps:          0       0       0       0       0
      Totals:         1       0       0       0       0
Total ram usage:        1 bytes
 Hardware stack levels used:    1
 Hardware stack levels required when called:    3
 This function calls:
		_serial_println
		_uart_txs
 This function is called by:
		_main
 This function uses a non-reentrant model


 *************** function _adc_read *****************
 Defined at:
		line 131 in file "flood.c"
 Parameters:    Size  Location     Type
  channel         1    wreg     unsigned char 
 Auto vars:     Size  Location     Type
  channel         1    4[COMMON] unsigned char 
 Return value:  Size  Location     Type
                  2    0[COMMON] unsigned int 
 Registers used:
		wreg, status,2, status,0
 Tracked objects:
		On entry : 
		On exit  : 
		Unchanged: 
 Data sizes:     COMMON   BANK0   BANK1   BANK3   BANK2
      Params:         2       0       0       0       0
      Locals:         1       0       0       0       0
      Temps:          2       0       0       0       0
      Totals:         5       0       0       0       0
Total ram usage:        5 bytes
 Hardware stack levels used:    1
 This function calls:
		Nothing
 This function is called by:
		_main
 This function uses a non-reentrant model


 *************** function _adc_init *****************
 Defined at:
		line 127 in file "flood.c"
 Parameters:    Size  Location     Type
		None
 Auto vars:     Size  Location     Type
		None
 Return value:  Size  Location     Type
                  1    wreg      void 
 Registers used:
		wreg
 Tracked objects:
		On entry : 
		On exit  : 
		Unchanged: 
 Data sizes:     COMMON   BANK0   BANK1   BANK3   BANK2
      Params:         0       0       0       0       0
      Locals:         0       0       0       0       0
      Temps:          0       0       0       0       0
      Totals:         0       0       0       0       0
Total ram usage:        0 bytes
 Hardware stack levels used:    1
 This function calls:
		Nothing
 This function is called by:
		_main
 This function uses a non-reentrant model


 *************** function _Type_message_content *****************
 Defined at:
		line 104 in file "flood.c"
 Parameters:    Size  Location     Type
  Content         2    3[COMMON] PTR unsigned char 
		 -> STR_22(28), STR_18(28), 
 Auto vars:     Size  Location     Type
		None
 Return value:  Size  Location     Type
                  1    wreg      void 
 Registers used:
		wreg, fsr0l, fsr0h, status,2, status,0, btemp+1, pclath, cstack
 Tracked objects:
		On entry : 
		On exit  : 
		Unchanged: 
 Data sizes:     COMMON   BANK0   BANK1   BANK3   BANK2
      Params:         2       0       0       0       0
      Locals:         0       0       0       0       0
      Temps:          0       0       0       0       0
      Totals:         2       0       0       0       0
Total ram usage:        2 bytes
 Hardware stack levels used:    1
 Hardware stack levels required when called:    2
 This function calls:
		_uart_txs
 This function is called by:
		_main
 This function uses a non-reentrant model


 *************** function _Start_message *****************
 Defined at:
		line 97 in file "flood.c"
 Parameters:    Size  Location     Type
  phone_number    1    wreg     PTR unsigned char 
		 -> phone_number1(20), phone_number(20), 
 Auto vars:     Size  Location     Type
  phone_number    1    6[COMMON] PTR unsigned char 
		 -> phone_number1(20), phone_number(20), 
 Return value:  Size  Location     Type
                  1    wreg      void 
 Registers used:
		wreg, fsr0l, fsr0h, status,2, status,0, btemp+1, pclath, cstack
 Tracked objects:
		On entry : 
		On exit  : 
		Unchanged: 
 Data sizes:     COMMON   BANK0   BANK1   BANK3   BANK2
      Params:         0       0       0       0       0
      Locals:         1       0       0       0       0
      Temps:          3       0       0       0       0
      Totals:         4       0       0       0       0
Total ram usage:        4 bytes
 Hardware stack levels used:    1
 Hardware stack levels required when called:    2
 This function calls:
		_uart_txc
		_uart_txs
 This function is called by:
		_main
 This function uses a non-reentrant model


 *************** function _Setup_messaging *****************
 Defined at:
		line 91 in file "flood.c"
 Parameters:    Size  Location     Type
		None
 Auto vars:     Size  Location     Type
		None
 Return value:  Size  Location     Type
                  1    wreg      void 
 Registers used:
		wreg, fsr0l, fsr0h, status,2, status,0, btemp+1, pclath, cstack
 Tracked objects:
		On entry : 
		On exit  : 
		Unchanged: 
 Data sizes:     COMMON   BANK0   BANK1   BANK3   BANK2
      Params:         0       0       0       0       0
      Locals:         0       0       0       0       0
      Temps:          3       0       0       0       0
      Totals:         3       0       0       0       0
Total ram usage:        3 bytes
 Hardware stack levels used:    1
 Hardware stack levels required when called:    3
 This function calls:
		_serial_println
 This function is called by:
		_main
 This function uses a non-reentrant model


 *************** function _serial_println *****************
 Defined at:
		line 82 in file "flood.c"
 Parameters:    Size  Location     Type
  buffer          2    3[COMMON] PTR const unsigned char 
		 -> STR_6(2), STR_2(18), STR_1(10), 
 Auto vars:     Size  Location     Type
		None
 Return value:  Size  Location     Type
                  1    wreg      void 
 Registers used:
		wreg, fsr0l, fsr0h, status,2, status,0, btemp+1, pclath, cstack
 Tracked objects:
		On entry : 
		On exit  : 
		Unchanged: 
 Data sizes:     COMMON   BANK0   BANK1   BANK3   BANK2
      Params:         2       0       0       0       0
      Locals:         0       0       0       0       0
      Temps:          0       0       0       0       0
      Totals:         2       0       0       0       0
Total ram usage:        2 bytes
 Hardware stack levels used:    1
 Hardware stack levels required when called:    2
 This function calls:
		_uart_txc
		_uart_txs
 This function is called by:
		_Setup_messaging
		_call_number
 This function uses a non-reentrant model


 *************** function _uart_txs *****************
 Defined at:
		line 52 in file "flood.c"
 Parameters:    Size  Location     Type
  st              2    1[COMMON] PTR unsigned char 
		 -> STR_22(28), phone_number1(20), STR_18(28), phone_number(20), 
		 -> STR_7(4), STR_6(2), STR_5(4), STR_4(2), 
		 -> STR_3(10), STR_2(18), STR_1(10), 
 Auto vars:     Size  Location     Type
		None
 Return value:  Size  Location     Type
                  1    wreg      void 
 Registers used:
		wreg, fsr0l, fsr0h, status,2, status,0, btemp+1, pclath, cstack
 Tracked objects:
		On entry : 
		On exit  : 
		Unchanged: 
 Data sizes:     COMMON   BANK0   BANK1   BANK3   BANK2
      Params:         2       0       0       0       0
      Locals:         0       0       0       0       0
      Temps:          0       0       0       0       0
      Totals:         2       0       0       0       0
Total ram usage:        2 bytes
 Hardware stack levels used:    1
 Hardware stack levels required when called:    1
 This function calls:
		_uart_txc
 This function is called by:
		_serial_println
		_Start_message
		_Type_message_content
		_call_number
		_end_call
 This function uses a non-reentrant model


 *************** function _Send_message *****************
 Defined at:
		line 107 in file "flood.c"
 Parameters:    Size  Location     Type
		None
 Auto vars:     Size  Location     Type
		None
 Return value:  Size  Location     Type
                  1    wreg      void 
 Registers used:
		wreg, status,2, status,0, pclath, cstack
 Tracked objects:
		On entry : 
		On exit  : 
		Unchanged: 
 Data sizes:     COMMON   BANK0   BANK1   BANK3   BANK2
      Params:         0       0       0       0       0
      Locals:         0       0       0       0       0
      Temps:          0       0       0       0       0
      Totals:         0       0       0       0       0
Total ram usage:        0 bytes
 Hardware stack levels used:    1
 Hardware stack levels required when called:    1
 This function calls:
		_uart_txc
 This function is called by:
		_main
 This function uses a non-reentrant model


 *************** function _uart_txc *****************
 Defined at:
		line 47 in file "flood.c"
 Parameters:    Size  Location     Type
  ch              1    wreg     unsigned char 
 Auto vars:     Size  Location     Type
  ch              1    0[COMMON] unsigned char 
 Return value:  Size  Location     Type
                  1    wreg      void 
 Registers used:
		wreg
 Tracked objects:
		On entry : 
		On exit  : 
		Unchanged: 
 Data sizes:     COMMON   BANK0   BANK1   BANK3   BANK2
      Params:         0       0       0       0       0
      Locals:         1       0       0       0       0
      Temps:          0       0       0       0       0
      Totals:         1       0       0       0       0
Total ram usage:        1 bytes
 Hardware stack levels used:    1
 This function calls:
		Nothing
 This function is called by:
		_uart_txs
		_serial_println
		_Start_message
		_Send_message
 This function uses a non-reentrant model


 *************** function _Lcd_Write_String *****************
 Defined at:
		line 92 in file "C:\Program Files (x86)\Microchip\xc8\v1.42\include\lcd.h"
 Parameters:    Size  Location     Type
  a               2    5[COMMON] PTR unsigned char 
		 -> STR_23(17), STR_21(17), STR_20(17), STR_19(17), 
		 -> STR_17(17), STR_16(17), STR_15(17), STR_14(17), 
		 -> STR_13(17), STR_12(17), STR_11(17), STR_10(15), 
		 -> STR_9(15), STR_8(15), 
 Auto vars:     Size  Location     Type
  i               2   10[COMMON] int 
 Return value:  Size  Location     Type
                  1    wreg      void 
 Registers used:
		wreg, fsr0l, fsr0h, status,2, status,0, btemp+1, pclath, cstack
 Tracked objects:
		On entry : 
		On exit  : 
		Unchanged: 
 Data sizes:     COMMON   BANK0   BANK1   BANK3   BANK2
      Params:         2       0       0       0       0
      Locals:         2       0       0       0       0
      Temps:          3       0       0       0       0
      Totals:         7       0       0       0       0
Total ram usage:        7 bytes
 Hardware stack levels used:    1
 Hardware stack levels required when called:    2
 This function calls:
		_Lcd_Write_Char
 This function is called by:
		_main
 This function uses a non-reentrant model


 *************** function _Lcd_Write_Char *****************
 Defined at:
		line 76 in file "C:\Program Files (x86)\Microchip\xc8\v1.42\include\lcd.h"
 Parameters:    Size  Location     Type
  a               1    wreg     unsigned char 
 Auto vars:     Size  Location     Type
  a               1    4[COMMON] unsigned char 
  y               1    3[COMMON] unsigned char 
  temp            1    2[COMMON] unsigned char 
 Return value:  Size  Location     Type
                  1    wreg      void 
 Registers used:
		wreg, status,2, status,0, pclath, cstack
 Tracked objects:
		On entry : 
		On exit  : 
		Unchanged: 
 Data sizes:     COMMON   BANK0   BANK1   BANK3   BANK2
      Params:         0       0       0       0       0
      Locals:         3       0       0       0       0
      Temps:          1       0       0       0       0
      Totals:         4       0       0       0       0
Total ram usage:        4 bytes
 Hardware stack levels used:    1
 Hardware stack levels required when called:    1
 This function calls:
		_Lcd_Port
 This function is called by:
		_Lcd_Write_String
 This function uses a non-reentrant model


 *************** function _Lcd_Set_Cursor *****************
 Defined at:
		line 37 in file "C:\Program Files (x86)\Microchip\xc8\v1.42\include\lcd.h"
 Parameters:    Size  Location     Type
  a               1    wreg     unsigned char 
  b               1    4[COMMON] unsigned char 
 Auto vars:     Size  Location     Type
  a               1    7[COMMON] unsigned char 
  temp            1   10[COMMON] unsigned char 
  y               1    9[COMMON] unsigned char 
  z               1    8[COMMON] unsigned char 
 Return value:  Size  Location     Type
                  1    wreg      void 
 Registers used:
		wreg, status,2, status,0, pclath, cstack
 Tracked objects:
		On entry : 
		On exit  : 
		Unchanged: 
 Data sizes:     COMMON   BANK0   BANK1   BANK3   BANK2
      Params:         1       0       0       0       0
      Locals:         4       0       0       0       0
      Temps:          2       0       0       0       0
      Totals:         7       0       0       0       0
Total ram usage:        7 bytes
 Hardware stack levels used:    1
 Hardware stack levels required when called:    2
 This function calls:
		_Lcd_Cmd
 This function is called by:
		_main
 This function uses a non-reentrant model


 *************** function _Lcd_Init *****************
 Defined at:
		line 58 in file "C:\Program Files (x86)\Microchip\xc8\v1.42\include\lcd.h"
 Parameters:    Size  Location     Type
		None
 Auto vars:     Size  Location     Type
		None
 Return value:  Size  Location     Type
                  1    wreg      void 
 Registers used:
		wreg, status,2, status,0, pclath, cstack
 Tracked objects:
		On entry : 
		On exit  : 
		Unchanged: 
 Data sizes:     COMMON   BANK0   BANK1   BANK3   BANK2
      Params:         0       0       0       0       0
      Locals:         0       0       0       0       0
      Temps:          2       0       0       0       0
      Totals:         2       0       0       0       0
Total ram usage:        2 bytes
 Hardware stack levels used:    1
 Hardware stack levels required when called:    2
 This function calls:
		_Lcd_Cmd
		_Lcd_Port
 This function is called by:
		_main
 This function uses a non-reentrant model


 *************** function _Lcd_Clear *****************
 Defined at:
		line 31 in file "C:\Program Files (x86)\Microchip\xc8\v1.42\include\lcd.h"
 Parameters:    Size  Location     Type
		None
 Auto vars:     Size  Location     Type
		None
 Return value:  Size  Location     Type
                  2   86[None  ] int 
 Registers used:
		wreg, status,2, status,0, pclath, cstack
 Tracked objects:
		On entry : 
		On exit  : 
		Unchanged: 
 Data sizes:     COMMON   BANK0   BANK1   BANK3   BANK2
      Params:         0       0       0       0       0
      Locals:         0       0       0       0       0
      Temps:          0       0       0       0       0
      Totals:         0       0       0       0       0
Total ram usage:        0 bytes
 Hardware stack levels used:    1
 Hardware stack levels required when called:    2
 This function calls:
		_Lcd_Cmd
 This function is called by:
		_main
 This function uses a non-reentrant model


 *************** function _Lcd_Cmd *****************
 Defined at:
		line 22 in file "C:\Program Files (x86)\Microchip\xc8\v1.42\include\lcd.h"
 Parameters:    Size  Location     Type
  a               1    wreg     unsigned char 
 Auto vars:     Size  Location     Type
  a               1    3[COMMON] unsigned char 
 Return value:  Size  Location     Type
                  1    wreg      void 
 Registers used:
		wreg, status,2, status,0, pclath, cstack
 Tracked objects:
		On entry : 
		On exit  : 
		Unchanged: 
 Data sizes:     COMMON   BANK0   BANK1   BANK3   BANK2
      Params:         0       0       0       0       0
      Locals:         1       0       0       0       0
      Temps:          2       0       0       0       0
      Totals:         3       0       0       0       0
Total ram usage:        3 bytes
 Hardware stack levels used:    1
 Hardware stack levels required when called:    1
 This function calls:
		_Lcd_Port
 This function is called by:
		_Lcd_Clear
		_Lcd_Set_Cursor
		_Lcd_Init
 This function uses a non-reentrant model


 *************** function _Lcd_Port *****************
 Defined at:
		line 1 in file "C:\Program Files (x86)\Microchip\xc8\v1.42\include\lcd.h"
 Parameters:    Size  Location     Type
  a               1    wreg     unsigned char 
 Auto vars:     Size  Location     Type
  a               1    0[COMMON] unsigned char 
 Return value:  Size  Location     Type
                  1    wreg      void 
 Registers used:
		wreg
 Tracked objects:
		On entry : 
		On exit  : 
		Unchanged: 
 Data sizes:     COMMON   BANK0   BANK1   BANK3   BANK2
      Params:         0       0       0       0       0
      Locals:         1       0       0       0       0
      Temps:          0       0       0       0       0
      Totals:         1       0       0       0       0
Total ram usage:        1 bytes
 Hardware stack levels used:    1
 This function calls:
		Nothing
 This function is called by:
		_Lcd_Cmd
		_Lcd_Init
		_Lcd_Write_Char
 This function uses a non-reentrant model



MODULE INFORMATION

Module		Function		Class		Link	Load	Size
flood.c
		_uart_txc      		CODE           	0381	0000	13
		_uart_txs      		CODE           	0413	0000	36
		_Start_message 		CODE           	048B	0000	49
		_main          		CODE           	0607	0000	463
		_uart_init     		CODE           	039E	0000	19
		_Type_message_content		CODE           	035D	0000	9
		_Setup_messaging		CODE           	045E	0000	46
		_adc_read      		CODE           	04BB	0000	49
		_adc_init      		CODE           	036D	0000	10
		_Send_message  		CODE           	0358	0000	6
		_call_number   		CODE           	03F8	0000	28
		_serial_println		CODE           	03B0	0000	21

flood.c estimated size: 749

C:\Program Files (x86)\Microchip\xc8\v1.42\include\lcd.h
		_Lcd_Write_String		CODE           	0524	0000	62
		_Lcd_Init      		CODE           	05AB	0000	93
		_Lcd_Write_Char		CODE           	04EB	0000	58
		_Lcd_Cmd       		CODE           	03DE	0000	27
		_Lcd_Set_Cursor		CODE           	0561	0000	75
		_Lcd_Clear     		CODE           	0376	0000	12
		_Lcd_Port      		CODE           	03C4	0000	27

C:\Program Files (x86)\Microchip\xc8\v1.42\include\lcd.h estimated size: 354

shared
		__stringtab    		STRING         	0003	0000	19
		__initialization		CODE           	07D5	0000	40

shared estimated size: 59

